Archive member included to satisfy reference by file (symbol)

D:/Compiler/arm-eabi-gcc13.3.1/bin/../lib/gcc/arm-none-eabi/13.3.1/thumb/v7e-m/nofp\libgcc.a(_arm_mulsf3.o)
                              CMakeFiles/Apptest1.elf.dir/Core/Src/system_stm32h7xx.c.obj (__aeabi_fmul)
D:/Compiler/arm-eabi-gcc13.3.1/bin/../lib/gcc/arm-none-eabi/13.3.1/thumb/v7e-m/nofp\libgcc.a(_arm_addsubsf3.o)
                              CMakeFiles/Apptest1.elf.dir/Core/Src/system_stm32h7xx.c.obj (__aeabi_fadd)
D:/Compiler/arm-eabi-gcc13.3.1/bin/../lib/gcc/arm-none-eabi/13.3.1/thumb/v7e-m/nofp\libgcc.a(_arm_muldivsf3.o)
                              CMakeFiles/Apptest1.elf.dir/Core/Src/system_stm32h7xx.c.obj (__aeabi_fdiv)
D:/Compiler/arm-eabi-gcc13.3.1/bin/../lib/gcc/arm-none-eabi/13.3.1/thumb/v7e-m/nofp\libgcc.a(_arm_fixunssfsi.o)
                              CMakeFiles/Apptest1.elf.dir/Core/Src/system_stm32h7xx.c.obj (__aeabi_f2uiz)
D:/Compiler/arm-eabi-gcc13.3.1/bin/../lib/gcc/arm-none-eabi/13.3.1/thumb/v7e-m/nofp\libgcc.a(_aeabi_uldivmod.o)
                              CMakeFiles/Apptest1.elf.dir/Drivers/STM32H7xx_HAL_Driver/Src/stm32h7xx_hal_uart.c.obj (__aeabi_uldivmod)
D:/Compiler/arm-eabi-gcc13.3.1/bin/../lib/gcc/arm-none-eabi/13.3.1/thumb/v7e-m/nofp\libgcc.a(_udivmoddi4.o)
                              D:/Compiler/arm-eabi-gcc13.3.1/bin/../lib/gcc/arm-none-eabi/13.3.1/thumb/v7e-m/nofp\libgcc.a(_aeabi_uldivmod.o) (__udivmoddi4)
D:/Compiler/arm-eabi-gcc13.3.1/bin/../lib/gcc/arm-none-eabi/13.3.1/thumb/v7e-m/nofp\libgcc.a(_dvmd_tls.o)
                              D:/Compiler/arm-eabi-gcc13.3.1/bin/../lib/gcc/arm-none-eabi/13.3.1/thumb/v7e-m/nofp\libgcc.a(_aeabi_uldivmod.o) (__aeabi_ldiv0)
D:/Compiler/arm-eabi-gcc13.3.1/bin/../lib/gcc/arm-none-eabi/13.3.1/thumb/v7e-m/nofp\libg.a(libc_a-exit.o)
                              D:/Compiler/arm-eabi-gcc13.3.1/bin/../lib/gcc/arm-none-eabi/13.3.1/thumb/v7e-m/nofp/crt0.o (exit)
D:/Compiler/arm-eabi-gcc13.3.1/bin/../lib/gcc/arm-none-eabi/13.3.1/thumb/v7e-m/nofp\libg.a(libc_a-findfp.o)
                              D:/Compiler/arm-eabi-gcc13.3.1/bin/../lib/gcc/arm-none-eabi/13.3.1/thumb/v7e-m/nofp\libg.a(libc_a-exit.o) (__stdio_exit_handler)
D:/Compiler/arm-eabi-gcc13.3.1/bin/../lib/gcc/arm-none-eabi/13.3.1/thumb/v7e-m/nofp\libg.a(libc_a-fwalk.o)
                              D:/Compiler/arm-eabi-gcc13.3.1/bin/../lib/gcc/arm-none-eabi/13.3.1/thumb/v7e-m/nofp\libg.a(libc_a-findfp.o) (_fwalk_sglue)
D:/Compiler/arm-eabi-gcc13.3.1/bin/../lib/gcc/arm-none-eabi/13.3.1/thumb/v7e-m/nofp\libg.a(libc_a-printf.o)
                              CMakeFiles/Apptest1.elf.dir/Core/Src/main.c.obj (printf)
D:/Compiler/arm-eabi-gcc13.3.1/bin/../lib/gcc/arm-none-eabi/13.3.1/thumb/v7e-m/nofp\libg.a(libc_a-setvbuf.o)
                              CMakeFiles/Apptest1.elf.dir/Drivers/SYSTEM/retarget/retarget.c.obj (setvbuf)
D:/Compiler/arm-eabi-gcc13.3.1/bin/../lib/gcc/arm-none-eabi/13.3.1/thumb/v7e-m/nofp\libg.a(libc_a-stdio.o)
                              D:/Compiler/arm-eabi-gcc13.3.1/bin/../lib/gcc/arm-none-eabi/13.3.1/thumb/v7e-m/nofp\libg.a(libc_a-findfp.o) (__sread)
D:/Compiler/arm-eabi-gcc13.3.1/bin/../lib/gcc/arm-none-eabi/13.3.1/thumb/v7e-m/nofp\libg.a(libc_a-memset.o)
                              D:/Compiler/arm-eabi-gcc13.3.1/bin/../lib/gcc/arm-none-eabi/13.3.1/thumb/v7e-m/nofp/crt0.o (memset)
D:/Compiler/arm-eabi-gcc13.3.1/bin/../lib/gcc/arm-none-eabi/13.3.1/thumb/v7e-m/nofp\libg.a(libc_a-closer.o)
                              D:/Compiler/arm-eabi-gcc13.3.1/bin/../lib/gcc/arm-none-eabi/13.3.1/thumb/v7e-m/nofp\libg.a(libc_a-stdio.o) (_close_r)
D:/Compiler/arm-eabi-gcc13.3.1/bin/../lib/gcc/arm-none-eabi/13.3.1/thumb/v7e-m/nofp\libg.a(libc_a-reent.o)
                              D:/Compiler/arm-eabi-gcc13.3.1/bin/../lib/gcc/arm-none-eabi/13.3.1/thumb/v7e-m/nofp\libg.a(libc_a-closer.o) (errno)
D:/Compiler/arm-eabi-gcc13.3.1/bin/../lib/gcc/arm-none-eabi/13.3.1/thumb/v7e-m/nofp\libg.a(libc_a-impure.o)
                              CMakeFiles/Apptest1.elf.dir/Drivers/SYSTEM/retarget/retarget.c.obj (_impure_ptr)
D:/Compiler/arm-eabi-gcc13.3.1/bin/../lib/gcc/arm-none-eabi/13.3.1/thumb/v7e-m/nofp\libg.a(libc_a-lseekr.o)
                              D:/Compiler/arm-eabi-gcc13.3.1/bin/../lib/gcc/arm-none-eabi/13.3.1/thumb/v7e-m/nofp\libg.a(libc_a-stdio.o) (_lseek_r)
D:/Compiler/arm-eabi-gcc13.3.1/bin/../lib/gcc/arm-none-eabi/13.3.1/thumb/v7e-m/nofp\libg.a(libc_a-readr.o)
                              D:/Compiler/arm-eabi-gcc13.3.1/bin/../lib/gcc/arm-none-eabi/13.3.1/thumb/v7e-m/nofp\libg.a(libc_a-stdio.o) (_read_r)
D:/Compiler/arm-eabi-gcc13.3.1/bin/../lib/gcc/arm-none-eabi/13.3.1/thumb/v7e-m/nofp\libg.a(libc_a-writer.o)
                              D:/Compiler/arm-eabi-gcc13.3.1/bin/../lib/gcc/arm-none-eabi/13.3.1/thumb/v7e-m/nofp\libg.a(libc_a-stdio.o) (_write_r)
D:/Compiler/arm-eabi-gcc13.3.1/bin/../lib/gcc/arm-none-eabi/13.3.1/thumb/v7e-m/nofp\libg.a(libc_a-errno.o)
[...]
Memory Configuration

Name             Origin             Length             Attributes
FLASH            0x90000000         0x01000000         xr
DTCMRAM          0x20000000         0x00020000         xrw
RAM_D1           0x24000000         0x00080000         xrw
RAM_D2           0x30000000         0x00048000         xrw
RAM_D3           0x38000000         0x00010000         xrw
ITCMRAM          0x00000000         0x00010000         xrw
*default*        0x00000000         0xffffffff

Linker script and memory map

LOAD D:/Compiler/arm-eabi-gcc13.3.1/bin/../lib/gcc/arm-none-eabi/13.3.1/thumb/v7e-m/nofp/crti.o
LOAD D:/Compiler/arm-eabi-gcc13.3.1/bin/../lib/gcc/arm-none-eabi/13.3.1/thumb/v7e-m/nofp/crtbegin.o
LOAD D:/Compiler/arm-eabi-gcc13.3.1/bin/../lib/gcc/arm-none-eabi/13.3.1/thumb/v7e-m/nofp/crt0.o
LOAD CMakeFiles/Apptest1.elf.dir/Core/Src/gpio.c.obj
LOAD CMakeFiles/Apptest1.elf.dir/Core/Src/main.c.obj
LOAD CMakeFiles/Apptest1.elf.dir/Core/Src/stm32h7xx_hal_msp.c.obj
LOAD CMakeFiles/Apptest1.elf.dir/Core/Src/stm32h7xx_it.c.obj
LOAD CMakeFiles/Apptest1.elf.dir/Core/Src/syscalls.c.obj
LOAD CMakeFiles/Apptest1.elf.dir/Core/Src/sysmem.c.obj
LOAD CMakeFiles/Apptest1.elf.dir/Core/Src/system_stm32h7xx.c.obj
LOAD CMakeFiles/Apptest1.elf.dir/Core/Startup/startup_stm32h750vbtx.s.obj
LOAD CMakeFiles/Apptest1.elf.dir/Drivers/BSP/LED/led.c.obj
LOAD CMakeFiles/Apptest1.elf.dir/Drivers/BSP/MPU/mpu.c.obj
LOAD CMakeFiles/Apptest1.elf.dir/Drivers/STM32H7xx_HAL_Driver/Src/stm32h7xx_hal.c.obj
LOAD CMakeFiles/Apptest1.elf.dir/Drivers/STM32H7xx_HAL_Driver/Src/stm32h7xx_hal_cortex.c.obj
LOAD CMakeFiles/Apptest1.elf.dir/Drivers/STM32H7xx_HAL_Driver/Src/stm32h7xx_hal_dma.c.obj
LOAD CMakeFiles/Apptest1.elf.dir/Drivers/STM32H7xx_HAL_Driver/Src/stm32h7xx_hal_dma_ex.c.obj
LOAD CMakeFiles/Apptest1.elf.dir/Drivers/STM32H7xx_HAL_Driver/Src/stm32h7xx_hal_exti.c.obj
LOAD CMakeFiles/Apptest1.elf.dir/Drivers/STM32H7xx_HAL_Driver/Src/stm32h7xx_hal_flash.c.obj
LOAD CMakeFiles/Apptest1.elf.dir/Drivers/STM32H7xx_HAL_Driver/Src/stm32h7xx_hal_flash_ex.c.obj
LOAD CMakeFiles/Apptest1.elf.dir/Drivers/STM32H7xx_HAL_Driver/Src/stm32h7xx_hal_gpio.c.obj
LOAD CMakeFiles/Apptest1.elf.dir/Drivers/STM32H7xx_HAL_Driver/Src/stm32h7xx_hal_hsem.c.obj
LOAD CMakeFiles/Apptest1.elf.dir/Drivers/STM32H7xx_HAL_Driver/Src/stm32h7xx_hal_i2c.c.obj
LOAD CMakeFiles/Apptest1.elf.dir/Drivers/STM32H7xx_HAL_Driver/Src/stm32h7xx_hal_i2c_ex.c.obj
LOAD CMakeFiles/Apptest1.elf.dir/Drivers/STM32H7xx_HAL_Driver/Src/stm32h7xx_hal_mdma.c.obj
LOAD CMakeFiles/Apptest1.elf.dir/Drivers/STM32H7xx_HAL_Driver/Src/stm32h7xx_hal_pwr.c.obj
LOAD CMakeFiles/Apptest1.elf.dir/Drivers/STM32H7xx_HAL_Driver/Src/stm32h7xx_hal_pwr_ex.c.obj
LOAD CMakeFiles/Apptest1.elf.dir/Drivers/STM32H7xx_HAL_Driver/Src/stm32h7xx_hal_rcc.c.obj
LOAD CMakeFiles/Apptest1.elf.dir/Drivers/STM32H7xx_HAL_Driver/Src/stm32h7xx_hal_rcc_ex.c.obj
LOAD CMakeFiles/Apptest1.elf.dir/Drivers/STM32H7xx_HAL_Driver/Src/stm32h7xx_hal_tim.c.obj
LOAD CMakeFiles/Apptest1.elf.dir/Drivers/STM32H7xx_HAL_Driver/Src/stm32h7xx_hal_tim_ex.c.obj
LOAD CMakeFiles/Apptest1.elf.dir/Drivers/STM32H7xx_HAL_Driver/Src/stm32h7xx_hal_uart.c.obj
LOAD CMakeFiles/Apptest1.elf.dir/Drivers/STM32H7xx_HAL_Driver/Src/stm32h7xx_hal_uart_ex.c.obj
LOAD CMakeFiles/Apptest1.elf.dir/Drivers/SYSTEM/delay/delay.c.obj
LOAD CMakeFiles/Apptest1.elf.dir/Drivers/SYSTEM/retarget/retarget.c.obj
LOAD CMakeFiles/Apptest1.elf.dir/Drivers/SYSTEM/sys/sys.c.obj
LOAD CMakeFiles/Apptest1.elf.dir/Drivers/SYSTEM/usart/usart.c.obj
START GROUP
LOAD D:/Compiler/arm-eabi-gcc13.3.1/bin/../lib/gcc/arm-none-eabi/13.3.1/thumb/v7e-m/nofp\libgcc.a
LOAD D:/Compiler/arm-eabi-gcc13.3.1/bin/../lib/gcc/arm-none-eabi/13.3.1/thumb/v7e-m/nofp\libg.a
LOAD D:/Compiler/arm-eabi-gcc13.3.1/bin/../lib/gcc/arm-none-eabi/13.3.1/thumb/v7e-m/nofp\libc.a
END GROUP
LOAD D:/Compiler/arm-eabi-gcc13.3.1/bin/../lib/gcc/arm-none-eabi/13.3.1/thumb/v7e-m/nofp/crtend.o
LOAD D:/Compiler/arm-eabi-gcc13.3.1/bin/../lib/gcc/arm-none-eabi/13.3.1/thumb/v7e-m/nofp/crtn.o
                0x24080000                        _estack = (ORIGIN (RAM_D1) + LENGTH (RAM_D1))
                0x00000400                        _Min_Heap_Size = 0x400
                0x00000400                        _Min_Stack_Size = 0x400

.isr_vector     0x90000000      0x298
                0x90000000                        . = ALIGN (0x4)
 *(.isr_vector)
 .isr_vector    0x90000000      0x298 CMakeFiles/Apptest1.elf.dir/Core/Startup/startup_stm32h750vbtx.s.obj
                0x90000000                g_pfnVectors
                0x90000298                        . = ALIGN (0x4)

.text           0x900002c0     0xbae8
                0x900002c0                        . = ALIGN (0x4)
 *(.text)
 .text          0x900002c0      0x21c D:/Compiler/arm-eabi-gcc13.3.1/bin/../lib/gcc/arm-none-eabi/13.3.1/thumb/v7e-m/nofp\libgcc.a(_arm_addsubsf3.o)
                0x900002c0                __aeabi_frsub
                0x900002c8                __subsf3
                0x900002c8                __aeabi_fsub
                0x900002cc                __aeabi_fadd
                0x900002cc                __addsf3
                0x9000042c                __aeabi_ui2f
                0x9000042c                __floatunsisf
                0x90000434                __aeabi_i2f
                0x90000434                __floatsisf
                0x90000450                __aeabi_ul2f
                0x90000450                __floatundisf
                0x90000460                __aeabi_l2f
                0x90000460                __floatdisf
 .text          0x900004dc      0x2a0 D:/Compiler/arm-eabi-gcc13.3.1/bin/../lib/gcc/arm-none-eabi/13.3.1/thumb/v7e-m/nofp\libgcc.a(_arm_muldivsf3.o)
                0x900004dc                __mulsf3
                0x900004dc                __aeabi_fmul
                0x90000644                __aeabi_fdiv
                0x90000644                __divsf3
 .text          0x9000077c       0x40 D:/Compiler/arm-eabi-gcc13.3.1/bin/../lib/gcc/arm-none-eabi/13.3.1/thumb/v7e-m/nofp\libgcc.a(_arm_fixunssfsi.o)
                0x9000077c                __fixunssfsi
                0x9000077c                __aeabi_f2uiz
 .text          0x900007bc       0x30 D:/Compiler/arm-eabi-gcc13.3.1/bin/../lib/gcc/arm-none-eabi/13.3.1/thumb/v7e-m/nofp\libgcc.a(_aeabi_uldivmod.o)
                0x900007bc                __aeabi_uldivmod
 .text          0x900007ec        0x4 D:/Compiler/arm-eabi-gcc13.3.1/bin/../lib/gcc/arm-none-eabi/13.3.1/thumb/v7e-m/nofp\libgcc.a(_dvmd_tls.o)
                0x900007ec                __aeabi_idiv0
                0x900007ec                __aeabi_ldiv0
 .text          0x900007f0       0xa0 D:/Compiler/arm-eabi-gcc13.3.1/bin/../lib/gcc/arm-none-eabi/13.3.1/thumb/v7e-m/nofp\libg.a(libc_a-memchr.o)
                0x900007f0                memchr
 .text          0x90000890      0x134 D:/Compiler/arm-eabi-gcc13.3.1/bin/../lib/gcc/arm-none-eabi/13.3.1/thumb/v7e-m/nofp\libg.a(libc_a-memcpy.o)
                0x90000890                memcpy
 *fill*         0x900009c4       0x3c 
 .text          0x90000a00       0xd8 D:/Compiler/arm-eabi-gcc13.3.1/bin/../lib/gcc/arm-none-eabi/13.3.1/thumb/v7e-m/nofp\libg.a(libc_a-strlen.o)
                0x90000a00                strlen
 .text          0x90000ad8      0x378 D:/Compiler/arm-eabi-gcc13.3.1/bin/../lib/gcc/arm-none-eabi/13.3.1/thumb/v7e-m/nofp\libgcc.a(_arm_addsubdf3.o)
                0x90000ad8                __aeabi_drsub
                0x90000ae0                __aeabi_dsub
                0x90000ae0                __subdf3
                0x90000ae4                __aeabi_dadd
                0x90000ae4                __adddf3
                0x90000d5c                __floatunsidf
                0x90000d5c                __aeabi_ui2d
                0x90000d7c                __floatsidf
                0x90000d7c                __aeabi_i2d
                0x90000da0                __aeabi_f2d
                0x90000da0                __extendsfdf2
                0x90000de4                __floatundidf
                0x90000de4                __aeabi_ul2d
                0x90000df4                __floatdidf
                0x90000df4                __aeabi_l2d
 .text          0x90000e50      0x424 D:/Compiler/arm-eabi-gcc13.3.1/bin/../lib/gcc/arm-none-eabi/13.3.1/thumb/v7e-m/nofp\libgcc.a(_arm_muldivdf3.o)
                0x90000e50                __aeabi_dmul
                0x90000e50                __muldf3
                0x900010a4                __divdf3
                0x900010a4                __aeabi_ddiv
 .text          0x90001274      0x110 D:/Compiler/arm-eabi-gcc13.3.1/bin/../lib/gcc/arm-none-eabi/13.3.1/thumb/v7e-m/nofp\libgcc.a(_arm_cmpdf2.o)
                0x90001274                __gtdf2
                0x90001274                __gedf2
                0x9000127c                __ltdf2
                0x9000127c                __ledf2
                0x90001284                __nedf2
                0x90001284                __eqdf2
                0x90001284                __cmpdf2
                0x90001300                __aeabi_cdrcmple
                0x90001310                __aeabi_cdcmpeq
                0x90001310                __aeabi_cdcmple
                0x90001320                __aeabi_dcmpeq
                0x90001334                __aeabi_dcmplt
                0x90001348                __aeabi_dcmple
                0x9000135c                __aeabi_dcmpge
                0x90001370                __aeabi_dcmpgt
 .text          0x90001384       0x2c D:/Compiler/arm-eabi-gcc13.3.1/bin/../lib/gcc/arm-none-eabi/13.3.1/thumb/v7e-m/nofp\libgcc.a(_arm_unorddf2.o)
                0x90001384                __unorddf2
                0x90001384                __aeabi_dcmpun
 .text          0x900013b0       0x50 D:/Compiler/arm-eabi-gcc13.3.1/bin/../lib/gcc/arm-none-eabi/13.3.1/thumb/v7e-m/nofp\libgcc.a(_arm_fixdfsi.o)
                0x900013b0                __aeabi_d2iz
                0x900013b0                __fixdfsi
 *(.text*)
 .text.deregister_tm_clones
                0x90001400       0x1c D:/Compiler/arm-eabi-gcc13.3.1/bin/../lib/gcc/arm-none-eabi/13.3.1/thumb/v7e-m/nofp/crtbegin.o
 .text.register_tm_clones
                0x9000141c       0x24 D:/Compiler/arm-eabi-gcc13.3.1/bin/../lib/gcc/arm-none-eabi/13.3.1/thumb/v7e-m/nofp/crtbegin.o
 .text.__do_global_dtors_aux
                0x90001440       0x28 D:/Compiler/arm-eabi-gcc13.3.1/bin/../lib/gcc/arm-none-eabi/13.3.1/thumb/v7e-m/nofp/crtbegin.o
 .text.frame_dummy
                0x90001468       0x24 D:/Compiler/arm-eabi-gcc13.3.1/bin/../lib/gcc/arm-none-eabi/13.3.1/thumb/v7e-m/nofp/crtbegin.o
 .text.main     0x9000148c       0x78 CMakeFiles/Apptest1.elf.dir/Core/Src/main.c.obj
                0x9000148c                main
 .text.HAL_MspInit
                0x90001504       0x24 CMakeFiles/Apptest1.elf.dir/Core/Src/stm32h7xx_hal_msp.c.obj
                0x90001504                HAL_MspInit
 .text.NMI_Handler
                0x90001528        0x2 CMakeFiles/Apptest1.elf.dir/Core/Src/stm32h7xx_it.c.obj
                0x90001528                NMI_Handler
 .text.HardFault_Handler
                0x9000152a        0x2 CMakeFiles/Apptest1.elf.dir/Core/Src/stm32h7xx_it.c.obj
                0x9000152a                HardFault_Handler
 .text.MemManage_Handler
                0x9000152c        0x2 CMakeFiles/Apptest1.elf.dir/Core/Src/stm32h7xx_it.c.obj
                0x9000152c                MemManage_Handler
 .text.BusFault_Handler
                0x9000152e        0x2 CMakeFiles/Apptest1.elf.dir/Core/Src/stm32h7xx_it.c.obj
                0x9000152e                BusFault_Handler
 .text.UsageFault_Handler
                0x90001530        0x2 CMakeFiles/Apptest1.elf.dir/Core/Src/stm32h7xx_it.c.obj
                0x90001530                UsageFault_Handler
 .text.SVC_Handler
                0x90001532        0x2 CMakeFiles/Apptest1.elf.dir/Core/Src/stm32h7xx_it.c.obj
                0x90001532                SVC_Handler
 .text.DebugMon_Handler
                0x90001534        0x2 CMakeFiles/Apptest1.elf.dir/Core/Src/stm32h7xx_it.c.obj
                0x90001534                DebugMon_Handler
 .text.PendSV_Handler
                0x90001536        0x2 CMakeFiles/Apptest1.elf.dir/Core/Src/stm32h7xx_it.c.obj
                0x90001536                PendSV_Handler
 .text.SysTick_Handler
                0x90001538        0x8 CMakeFiles/Apptest1.elf.dir/Core/Src/stm32h7xx_it.c.obj
                0x90001538                SysTick_Handler
 .text._getpid  0x90001540        0x4 CMakeFiles/Apptest1.elf.dir/Core/Src/syscalls.c.obj
                0x90001540                _getpid
 .text._kill    0x90001544       0x10 CMakeFiles/Apptest1.elf.dir/Core/Src/syscalls.c.obj
                0x90001544                _kill
 .text._exit    0x90001554        0xc CMakeFiles/Apptest1.elf.dir/Core/Src/syscalls.c.obj
                0x90001554                _exit
 .text._sbrk    0x90001560       0x48 CMakeFiles/Apptest1.elf.dir/Core/Src/sysmem.c.obj
                0x90001560                _sbrk
 .text.SystemInit
                0x900015a8       0xc4 CMakeFiles/Apptest1.elf.dir/Core/Src/system_stm32h7xx.c.obj
                0x900015a8                SystemInit
 .text.Reset_Handler
                0x9000166c       0x50 CMakeFiles/Apptest1.elf.dir/Core/Startup/startup_stm32h750vbtx.s.obj
                0x9000166c                Reset_Handler
 .text.Default_Handler
                0x900016bc        0x2 CMakeFiles/Apptest1.elf.dir/Core/Startup/startup_stm32h750vbtx.s.obj
                0x900016bc                RTC_Alarm_IRQHandler
                0x900016bc                HASH_RNG_IRQHandler
                0x900016bc                EXTI2_IRQHandler
                0x900016bc                TIM8_CC_IRQHandler
                0x900016bc                HRTIM1_Master_IRQHandler
                0x900016bc                UART8_IRQHandler
                0x900016bc                SPI4_IRQHandler
                0x900016bc                TIM1_CC_IRQHandler
                0x900016bc                BDMA_Channel6_IRQHandler
                0x900016bc                DMA2_Stream5_IRQHandler
                0x900016bc                HRTIM1_FLT_IRQHandler
                0x900016bc                JPEG_IRQHandler
                0x900016bc                DMA1_Stream5_IRQHandler
                0x900016bc                BDMA_Channel1_IRQHandler
                0x900016bc                HRTIM1_TIMD_IRQHandler
                0x900016bc                TAMP_STAMP_IRQHandler
                0x900016bc                EXTI3_IRQHandler
                0x900016bc                LPTIM4_IRQHandler
                0x900016bc                TIM8_TRG_COM_TIM14_IRQHandler
                0x900016bc                LPTIM2_IRQHandler
                0x900016bc                DFSDM1_FLT1_IRQHandler
                0x900016bc                DMAMUX2_OVR_IRQHandler
                0x900016bc                TIM8_UP_TIM13_IRQHandler
                0x900016bc                I2C3_ER_IRQHandler
                0x900016bc                DFSDM1_FLT2_IRQHandler
                0x900016bc                MDMA_IRQHandler
                0x900016bc                LPTIM3_IRQHandler
                0x900016bc                HSEM1_IRQHandler
                0x900016bc                EXTI0_IRQHandler
                0x900016bc                I2C2_EV_IRQHandler
                0x900016bc                DMA1_Stream2_IRQHandler
                0x900016bc                FPU_IRQHandler
                0x900016bc                OTG_HS_WKUP_IRQHandler
                0x900016bc                FDCAN1_IT1_IRQHandler
                0x900016bc                LTDC_ER_IRQHandler
                0x900016bc                DMA2_Stream2_IRQHandler
                0x900016bc                HRTIM1_TIME_IRQHandler
                0x900016bc                SPI1_IRQHandler
                0x900016bc                TIM6_DAC_IRQHandler
                0x900016bc                DCMI_IRQHandler
                0x900016bc                HRTIM1_TIMC_IRQHandler
                0x900016bc                DMA2_Stream3_IRQHandler
                0x900016bc                SAI2_IRQHandler
                0x900016bc                DFSDM1_FLT3_IRQHandler
                0x900016bc                USART6_IRQHandler
                0x900016bc                TIM17_IRQHandler
                0x900016bc                USART3_IRQHandler
                0x900016bc                BDMA_Channel7_IRQHandler
                0x900016bc                CRYP_IRQHandler
                0x900016bc                LPTIM5_IRQHandler
                0x900016bc                UART5_IRQHandler
                0x900016bc                ADC3_IRQHandler
                0x900016bc                DMA2_Stream0_IRQHandler
                0x900016bc                TIM4_IRQHandler
                0x900016bc                BDMA_Channel2_IRQHandler
                0x900016bc                QUADSPI_IRQHandler
                0x900016bc                I2C1_EV_IRQHandler
                0x900016bc                DMA1_Stream6_IRQHandler
                0x900016bc                DMAMUX1_OVR_IRQHandler
                0x900016bc                DMA1_Stream1_IRQHandler
                0x900016bc                TIM16_IRQHandler
                0x900016bc                UART4_IRQHandler
                0x900016bc                BDMA_Channel5_IRQHandler
                0x900016bc                TIM3_IRQHandler
                0x900016bc                RCC_IRQHandler
                0x900016bc                TIM8_BRK_TIM12_IRQHandler
                0x900016bc                TIM1_TRG_COM_IRQHandler
                0x900016bc                Default_Handler
                0x900016bc                ECC_IRQHandler
                0x900016bc                CEC_IRQHandler
                0x900016bc                EXTI15_10_IRQHandler
                0x900016bc                BDMA_Channel0_IRQHandler
                0x900016bc                ADC_IRQHandler
                0x900016bc                DMA1_Stream7_IRQHandler
                0x900016bc                HRTIM1_TIMA_IRQHandler
                0x900016bc                SPI5_IRQHandler
                0x900016bc                TIM7_IRQHandler
                0x900016bc                SDMMC1_IRQHandler
                0x900016bc                TIM5_IRQHandler
                0x900016bc                DMA2_Stream7_IRQHandler
                0x900016bc                TIM15_IRQHandler
                0x900016bc                PVD_AVD_IRQHandler
                0x900016bc                I2C3_EV_IRQHandler
                0x900016bc                EXTI9_5_IRQHandler
                0x900016bc                RTC_WKUP_IRQHandler
                0x900016bc                LTDC_IRQHandler
                0x900016bc                SAI3_IRQHandler
                0x900016bc                ETH_WKUP_IRQHandler
                0x900016bc                SPDIF_RX_IRQHandler
                0x900016bc                SPI2_IRQHandler
                0x900016bc                OTG_HS_EP1_IN_IRQHandler
                0x900016bc                DMA1_Stream0_IRQHandler
                0x900016bc                CRS_IRQHandler
                0x900016bc                EXTI4_IRQHandler
                0x900016bc                HRTIM1_TIMB_IRQHandler
                0x900016bc                FDCAN2_IT1_IRQHandler
                0x900016bc                ETH_IRQHandler
                0x900016bc                TIM1_UP_IRQHandler
                0x900016bc                BDMA_Channel4_IRQHandler
                0x900016bc                OTG_HS_EP1_OUT_IRQHandler
                0x900016bc                WWDG_IRQHandler
                0x900016bc                SPI6_IRQHandler
                0x900016bc                MDIOS_IRQHandler
                0x900016bc                I2C4_EV_IRQHandler
                0x900016bc                FDCAN2_IT0_IRQHandler
                0x900016bc                LPUART1_IRQHandler
                0x900016bc                FDCAN1_IT0_IRQHandler
                0x900016bc                TIM2_IRQHandler
                0x900016bc                OTG_FS_WKUP_IRQHandler
                0x900016bc                OTG_HS_IRQHandler
                0x900016bc                DMA2D_IRQHandler
                0x900016bc                TIM1_BRK_IRQHandler
                0x900016bc                EXTI1_IRQHandler
                0x900016bc                SDMMC2_IRQHandler
                0x900016bc                OTG_FS_EP1_OUT_IRQHandler
                0x900016bc                BDMA_Channel3_IRQHandler
                0x900016bc                UART7_IRQHandler
                0x900016bc                MDIOS_WKUP_IRQHandler
                0x900016bc                USART2_IRQHandler
                0x900016bc                DFSDM1_FLT0_IRQHandler
                0x900016bc                SAI4_IRQHandler
                0x900016bc                I2C2_ER_IRQHandler
                0x900016bc                DMA2_Stream1_IRQHandler
                0x900016bc                FLASH_IRQHandler
                0x900016bc                DMA2_Stream4_IRQHandler
                0x900016bc                OTG_FS_IRQHandler
                0x900016bc                SPI3_IRQHandler
                0x900016bc                WAKEUP_PIN_IRQHandler
                0x900016bc                DMA1_Stream4_IRQHandler
                0x900016bc                OTG_FS_EP1_IN_IRQHandler
                0x900016bc                I2C1_ER_IRQHandler
                0x900016bc                FMC_IRQHandler
                0x900016bc                FDCAN_CAL_IRQHandler
                0x900016bc                SWPMI1_IRQHandler
                0x900016bc                COMP1_IRQHandler
                0x900016bc                LPTIM1_IRQHandler
                0x900016bc                I2C4_ER_IRQHandler
                0x900016bc                DMA2_Stream6_IRQHandler
                0x900016bc                SAI1_IRQHandler
                0x900016bc                DMA1_Stream3_IRQHandler
 *fill*         0x900016be        0x2 
 .text.led_init
                0x900016c0       0xb8 CMakeFiles/Apptest1.elf.dir/Drivers/BSP/LED/led.c.obj
                0x900016c0                led_init
 .text.HAL_InitTick
                0x90001778       0x50 CMakeFiles/Apptest1.elf.dir/Drivers/STM32H7xx_HAL_Driver/Src/stm32h7xx_hal.c.obj
                0x90001778                HAL_InitTick
 .text.HAL_Init
                0x900017c8       0x5c CMakeFiles/Apptest1.elf.dir/Drivers/STM32H7xx_HAL_Driver/Src/stm32h7xx_hal.c.obj
                0x900017c8                HAL_Init
 .text.HAL_IncTick
                0x90001824       0x18 CMakeFiles/Apptest1.elf.dir/Drivers/STM32H7xx_HAL_Driver/Src/stm32h7xx_hal.c.obj
                0x90001824                HAL_IncTick
 .text.HAL_GetTick
                0x9000183c        0xc CMakeFiles/Apptest1.elf.dir/Drivers/STM32H7xx_HAL_Driver/Src/stm32h7xx_hal.c.obj
                0x9000183c                HAL_GetTick
 .text.HAL_GetREVID
                0x90001848        0xc CMakeFiles/Apptest1.elf.dir/Drivers/STM32H7xx_HAL_Driver/Src/stm32h7xx_hal.c.obj
                0x90001848                HAL_GetREVID
 .text.HAL_EnableCompensationCell
                0x90001854       0x10 CMakeFiles/Apptest1.elf.dir/Drivers/STM32H7xx_HAL_Driver/Src/stm32h7xx_hal.c.obj
                0x90001854                HAL_EnableCompensationCell
 .text.__NVIC_EnableIRQ
                0x90001864       0x1c CMakeFiles/Apptest1.elf.dir/Drivers/STM32H7xx_HAL_Driver/Src/stm32h7xx_hal_cortex.c.obj
 .text.__NVIC_SetPriority
                0x90001880       0x24 CMakeFiles/Apptest1.elf.dir/Drivers/STM32H7xx_HAL_Driver/Src/stm32h7xx_hal_cortex.c.obj
 .text.NVIC_EncodePriority
                0x900018a4       0x3e CMakeFiles/Apptest1.elf.dir/Drivers/STM32H7xx_HAL_Driver/Src/stm32h7xx_hal_cortex.c.obj
 *fill*         0x900018e2        0x2 
 .text.HAL_NVIC_SetPriorityGrouping
                0x900018e4       0x24 CMakeFiles/Apptest1.elf.dir/Drivers/STM32H7xx_HAL_Driver/Src/stm32h7xx_hal_cortex.c.obj
                0x900018e4                HAL_NVIC_SetPriorityGrouping
 .text.HAL_NVIC_SetPriority
                0x90001908       0x20 CMakeFiles/Apptest1.elf.dir/Drivers/STM32H7xx_HAL_Driver/Src/stm32h7xx_hal_cortex.c.obj
                0x90001908                HAL_NVIC_SetPriority
 .text.HAL_NVIC_EnableIRQ
                0x90001928        0x8 CMakeFiles/Apptest1.elf.dir/Drivers/STM32H7xx_HAL_Driver/Src/stm32h7xx_hal_cortex.c.obj
                0x90001928                HAL_NVIC_EnableIRQ
 .text.HAL_SYSTICK_Config
                0x90001930       0x28 CMakeFiles/Apptest1.elf.dir/Drivers/STM32H7xx_HAL_Driver/Src/stm32h7xx_hal_cortex.c.obj
                0x90001930                HAL_SYSTICK_Config
 .text.HAL_DMA_Abort
                0x90001958      0x340 CMakeFiles/Apptest1.elf.dir/Drivers/STM32H7xx_HAL_Driver/Src/stm32h7xx_hal_dma.c.obj
                0x90001958                HAL_DMA_Abort
 .text.HAL_DMA_Abort_IT
                0x90001c98      0x270 CMakeFiles/Apptest1.elf.dir/Drivers/STM32H7xx_HAL_Driver/Src/stm32h7xx_hal_dma.c.obj
                0x90001c98                HAL_DMA_Abort_IT
 .text.HAL_GPIO_Init
                0x90001f08      0x228 CMakeFiles/Apptest1.elf.dir/Drivers/STM32H7xx_HAL_Driver/Src/stm32h7xx_hal_gpio.c.obj
                0x90001f08                HAL_GPIO_Init
 .text.HAL_GPIO_WritePin
                0x90002130        0xc CMakeFiles/Apptest1.elf.dir/Drivers/STM32H7xx_HAL_Driver/Src/stm32h7xx_hal_gpio.c.obj
                0x90002130                HAL_GPIO_WritePin
 .text.HAL_PWREx_EnableUSBVoltageDetector
                0x9000213c       0x10 CMakeFiles/Apptest1.elf.dir/Drivers/STM32H7xx_HAL_Driver/Src/stm32h7xx_hal_pwr_ex.c.obj
                0x9000213c                HAL_PWREx_EnableUSBVoltageDetector
 .text.HAL_RCC_OscConfig
                0x9000214c      0x6b0 CMakeFiles/Apptest1.elf.dir/Drivers/STM32H7xx_HAL_Driver/Src/stm32h7xx_hal_rcc.c.obj
                0x9000214c                HAL_RCC_OscConfig
 .text.HAL_RCC_GetSysClockFreq
                0x900027fc      0x224 CMakeFiles/Apptest1.elf.dir/Drivers/STM32H7xx_HAL_Driver/Src/stm32h7xx_hal_rcc.c.obj
                0x900027fc                HAL_RCC_GetSysClockFreq
 .text.HAL_RCC_ClockConfig
                0x90002a20      0x294 CMakeFiles/Apptest1.elf.dir/Drivers/STM32H7xx_HAL_Driver/Src/stm32h7xx_hal_rcc.c.obj
                0x90002a20                HAL_RCC_ClockConfig
 .text.HAL_RCC_GetHCLKFreq
                0x90002cb4       0x44 CMakeFiles/Apptest1.elf.dir/Drivers/STM32H7xx_HAL_Driver/Src/stm32h7xx_hal_rcc.c.obj
                0x90002cb4                HAL_RCC_GetHCLKFreq
 .text.HAL_RCC_GetPCLK1Freq
                0x90002cf8       0x24 CMakeFiles/Apptest1.elf.dir/Drivers/STM32H7xx_HAL_Driver/Src/stm32h7xx_hal_rcc.c.obj
                0x90002cf8                HAL_RCC_GetPCLK1Freq
 .text.HAL_RCC_GetPCLK2Freq
                0x90002d1c       0x24 CMakeFiles/Apptest1.elf.dir/Drivers/STM32H7xx_HAL_Driver/Src/stm32h7xx_hal_rcc.c.obj
                0x90002d1c                HAL_RCC_GetPCLK2Freq
 .text.RCCEx_PLL2_Config
                0x90002d40      0x108 CMakeFiles/Apptest1.elf.dir/Drivers/STM32H7xx_HAL_Driver/Src/stm32h7xx_hal_rcc_ex.c.obj
 .text.RCCEx_PLL3_Config
                0x90002e48      0x108 CMakeFiles/Apptest1.elf.dir/Drivers/STM32H7xx_HAL_Driver/Src/stm32h7xx_hal_rcc_ex.c.obj
 .text.HAL_RCCEx_PeriphCLKConfig
                0x90002f50      0xaac CMakeFiles/Apptest1.elf.dir/Drivers/STM32H7xx_HAL_Driver/Src/stm32h7xx_hal_rcc_ex.c.obj
                0x90002f50                HAL_RCCEx_PeriphCLKConfig
 .text.HAL_RCCEx_GetD3PCLK1Freq
                0x900039fc       0x24 CMakeFiles/Apptest1.elf.dir/Drivers/STM32H7xx_HAL_Driver/Src/stm32h7xx_hal_rcc_ex.c.obj
                0x900039fc                HAL_RCCEx_GetD3PCLK1Freq
 .text.HAL_RCCEx_GetPLL2ClockFreq
                0x90003a20      0x238 CMakeFiles/Apptest1.elf.dir/Drivers/STM32H7xx_HAL_Driver/Src/stm32h7xx_hal_rcc_ex.c.obj
                0x90003a20                HAL_RCCEx_GetPLL2ClockFreq
 .text.HAL_RCCEx_GetPLL3ClockFreq
                0x90003c58      0x238 CMakeFiles/Apptest1.elf.dir/Drivers/STM32H7xx_HAL_Driver/Src/stm32h7xx_hal_rcc_ex.c.obj
                0x90003c58                HAL_RCCEx_GetPLL3ClockFreq
 .text.UART_EndRxTransfer
                0x90003e90       0x58 CMakeFiles/Apptest1.elf.dir/Drivers/STM32H7xx_HAL_Driver/Src/stm32h7xx_hal_uart.c.obj
 .text.HAL_UART_TxCpltCallback
                0x90003ee8        0x2 CMakeFiles/Apptest1.elf.dir/Drivers/STM32H7xx_HAL_Driver/Src/stm32h7xx_hal_uart.c.obj
                0x90003ee8                HAL_UART_TxCpltCallback
 .text.UART_EndTransmit_IT
                0x90003eea       0x24 CMakeFiles/Apptest1.elf.dir/Drivers/STM32H7xx_HAL_Driver/Src/stm32h7xx_hal_uart.c.obj
 .text.HAL_UART_ErrorCallback
                0x90003f0e        0x2 CMakeFiles/Apptest1.elf.dir/Drivers/STM32H7xx_HAL_Driver/Src/stm32h7xx_hal_uart.c.obj
                0x90003f0e                HAL_UART_ErrorCallback
 .text.UART_DMAAbortOnError
                0x90003f10       0x14 CMakeFiles/Apptest1.elf.dir/Drivers/STM32H7xx_HAL_Driver/Src/stm32h7xx_hal_uart.c.obj
 .text.HAL_UARTEx_RxEventCallback
                0x90003f24        0x2 CMakeFiles/Apptest1.elf.dir/Drivers/STM32H7xx_HAL_Driver/Src/stm32h7xx_hal_uart.c.obj
                0x90003f24                HAL_UARTEx_RxEventCallback
 *fill*         0x90003f26        0x2 
 .text.HAL_UART_IRQHandler
                0x90003f28      0x3b4 CMakeFiles/Apptest1.elf.dir/Drivers/STM32H7xx_HAL_Driver/Src/stm32h7xx_hal_uart.c.obj
                0x90003f28                HAL_UART_IRQHandler
 .text.UART_RxISR_8BIT
                0x900042dc       0xdc CMakeFiles/Apptest1.elf.dir/Drivers/STM32H7xx_HAL_Driver/Src/stm32h7xx_hal_uart.c.obj
 .text.UART_RxISR_16BIT
                0x900043b8       0xd8 CMakeFiles/Apptest1.elf.dir/Drivers/STM32H7xx_HAL_Driver/Src/stm32h7xx_hal_uart.c.obj
 .text.UART_RxISR_8BIT_FIFOEN
                0x90004490      0x1cc CMakeFiles/Apptest1.elf.dir/Drivers/STM32H7xx_HAL_Driver/Src/stm32h7xx_hal_uart.c.obj
 .text.UART_RxISR_16BIT_FIFOEN
                0x9000465c      0x1c8 CMakeFiles/Apptest1.elf.dir/Drivers/STM32H7xx_HAL_Driver/Src/stm32h7xx_hal_uart.c.obj
 .text.UART_SetConfig
                0x90004824      0x5fc CMakeFiles/Apptest1.elf.dir/Drivers/STM32H7xx_HAL_Driver/Src/stm32h7xx_hal_uart.c.obj
                0x90004824                UART_SetConfig
 .text.UART_AdvFeatureConfig
                0x90004e20       0xca CMakeFiles/Apptest1.elf.dir/Drivers/STM32H7xx_HAL_Driver/Src/stm32h7xx_hal_uart.c.obj
                0x90004e20                UART_AdvFeatureConfig
 .text.UART_WaitOnFlagUntilTimeout
                0x90004eea       0x96 CMakeFiles/Apptest1.elf.dir/Drivers/STM32H7xx_HAL_Driver/Src/stm32h7xx_hal_uart.c.obj
                0x90004eea                UART_WaitOnFlagUntilTimeout
 .text.HAL_UART_Transmit
                0x90004f80       0xd0 CMakeFiles/Apptest1.elf.dir/Drivers/STM32H7xx_HAL_Driver/Src/stm32h7xx_hal_uart.c.obj
                0x90004f80                HAL_UART_Transmit
 .text.HAL_UART_Receive
                0x90005050      0x116 CMakeFiles/Apptest1.elf.dir/Drivers/STM32H7xx_HAL_Driver/Src/stm32h7xx_hal_uart.c.obj
                0x90005050                HAL_UART_Receive
 .text.UART_CheckIdleState
                0x90005166       0xca CMakeFiles/Apptest1.elf.dir/Drivers/STM32H7xx_HAL_Driver/Src/stm32h7xx_hal_uart.c.obj
                0x90005166                UART_CheckIdleState
 .text.HAL_UART_Init
                0x90005230       0x66 CMakeFiles/Apptest1.elf.dir/Drivers/STM32H7xx_HAL_Driver/Src/stm32h7xx_hal_uart.c.obj
                0x90005230                HAL_UART_Init
 *fill*         0x90005296        0x2 
 .text.UART_Start_Receive_IT
                0x90005298      0x13c CMakeFiles/Apptest1.elf.dir/Drivers/STM32H7xx_HAL_Driver/Src/stm32h7xx_hal_uart.c.obj
                0x90005298                UART_Start_Receive_IT
 .text.HAL_UART_Receive_IT
                0x900053d4       0x4c CMakeFiles/Apptest1.elf.dir/Drivers/STM32H7xx_HAL_Driver/Src/stm32h7xx_hal_uart.c.obj
                0x900053d4                HAL_UART_Receive_IT
 .text.HAL_UARTEx_WakeupCallback
                0x90005420        0x2 CMakeFiles/Apptest1.elf.dir/Drivers/STM32H7xx_HAL_Driver/Src/stm32h7xx_hal_uart_ex.c.obj
                0x90005420                HAL_UARTEx_WakeupCallback
 .text.HAL_UARTEx_RxFifoFullCallback
                0x90005422        0x2 CMakeFiles/Apptest1.elf.dir/Drivers/STM32H7xx_HAL_Driver/Src/stm32h7xx_hal_uart_ex.c.obj
                0x90005422                HAL_UARTEx_RxFifoFullCallback
 .text.HAL_UARTEx_TxFifoEmptyCallback
                0x90005424        0x2 CMakeFiles/Apptest1.elf.dir/Drivers/STM32H7xx_HAL_Driver/Src/stm32h7xx_hal_uart_ex.c.obj
                0x90005424                HAL_UARTEx_TxFifoEmptyCallback
 *fill*         0x90005426        0x2 
 .text.delay_init
                0x90005428        0xc CMakeFiles/Apptest1.elf.dir/Drivers/SYSTEM/delay/delay.c.obj
                0x90005428                delay_init
 .text.delay_us
                0x90005434       0x3c CMakeFiles/Apptest1.elf.dir/Drivers/SYSTEM/delay/delay.c.obj
                0x90005434                delay_us
 .text.delay_ms
                0x90005470       0x10 CMakeFiles/Apptest1.elf.dir/Drivers/SYSTEM/delay/delay.c.obj
                0x90005470                delay_ms
 .text.RetargetInit
                0x90005480       0x20 CMakeFiles/Apptest1.elf.dir/Drivers/SYSTEM/retarget/retarget.c.obj
                0x90005480                RetargetInit
 .text._isatty  0x900054a0       0x16 CMakeFiles/Apptest1.elf.dir/Drivers/SYSTEM/retarget/retarget.c.obj
                0x900054a0                _isatty
 *fill*         0x900054b6        0x2 
 .text._write   0x900054b8       0x34 CMakeFiles/Apptest1.elf.dir/Drivers/SYSTEM/retarget/retarget.c.obj
                0x900054b8                _write
 .text._close   0x900054ec       0x18 CMakeFiles/Apptest1.elf.dir/Drivers/SYSTEM/retarget/retarget.c.obj
                0x900054ec                _close
 .text._lseek   0x90005504       0x10 CMakeFiles/Apptest1.elf.dir/Drivers/SYSTEM/retarget/retarget.c.obj
                0x90005504                _lseek
 .text._read    0x90005514       0x30 CMakeFiles/Apptest1.elf.dir/Drivers/SYSTEM/retarget/retarget.c.obj
                0x90005514                _read
 .text._fstat   0x90005544       0x1a CMakeFiles/Apptest1.elf.dir/Drivers/SYSTEM/retarget/retarget.c.obj
                0x90005544                _fstat
 *fill*         0x9000555e        0x2 
 .text.sys_cache_enable
                0x90005560       0xb4 CMakeFiles/Apptest1.elf.dir/Drivers/SYSTEM/sys/sys.c.obj
                0x90005560                sys_cache_enable
 .text.sys_stm32_clock_init
                0x90005614      0x118 CMakeFiles/Apptest1.elf.dir/Drivers/SYSTEM/sys/sys.c.obj
                0x90005614                sys_stm32_clock_init
 .text.usart_init
                0x9000572c       0x38 CMakeFiles/Apptest1.elf.dir/Drivers/SYSTEM/usart/usart.c.obj
                0x9000572c                usart_init
 .text.HAL_UART_MspInit
                0x90005764       0xa8 CMakeFiles/Apptest1.elf.dir/Drivers/SYSTEM/usart/usart.c.obj
                0x90005764                HAL_UART_MspInit
 .text.HAL_UART_RxCpltCallback
                0x9000580c       0x88 CMakeFiles/Apptest1.elf.dir/Drivers/SYSTEM/usart/usart.c.obj
                0x9000580c                HAL_UART_RxCpltCallback
 .text.USART1_IRQHandler
                0x90005894       0x10 CMakeFiles/Apptest1.elf.dir/Drivers/SYSTEM/usart/usart.c.obj
                0x90005894                USART1_IRQHandler
 .text.__udivmoddi4
                0x900058a4      0x2bc D:/Compiler/arm-eabi-gcc13.3.1/bin/../lib/gcc/arm-none-eabi/13.3.1/thumb/v7e-m/nofp\libgcc.a(_udivmoddi4.o)
                0x900058a4                __udivmoddi4
 .text.stdio_exit_handler
                0x90005b60       0x18 D:/Compiler/arm-eabi-gcc13.3.1/bin/../lib/gcc/arm-none-eabi/13.3.1/thumb/v7e-m/nofp\libg.a(libc_a-findfp.o)
 .text.cleanup_stdio
                0x90005b78       0x40 D:/Compiler/arm-eabi-gcc13.3.1/bin/../lib/gcc/arm-none-eabi/13.3.1/thumb/v7e-m/nofp\libg.a(libc_a-findfp.o)
 .text.global_stdio_init.part.0
                0x90005bb8       0xf0 D:/Compiler/arm-eabi-gcc13.3.1/bin/../lib/gcc/arm-none-eabi/13.3.1/thumb/v7e-m/nofp\libg.a(libc_a-findfp.o)
 .text.__sinit  0x90005ca8       0x3c D:/Compiler/arm-eabi-gcc13.3.1/bin/../lib/gcc/arm-none-eabi/13.3.1/thumb/v7e-m/nofp\libg.a(libc_a-findfp.o)
                0x90005ca8                __sinit
 .text.__sfp_lock_acquire
                0x90005ce4        0xc D:/Compiler/arm-eabi-gcc13.3.1/bin/../lib/gcc/arm-none-eabi/13.3.1/thumb/v7e-m/nofp\libg.a(libc_a-findfp.o)
                0x90005ce4                __sfp_lock_acquire
 .text.__sfp_lock_release
                0x90005cf0        0xc D:/Compiler/arm-eabi-gcc13.3.1/bin/../lib/gcc/arm-none-eabi/13.3.1/thumb/v7e-m/nofp\libg.a(libc_a-findfp.o)
                0x90005cf0                __sfp_lock_release
 .text._fwalk_sglue
                0x90005cfc       0x44 D:/Compiler/arm-eabi-gcc13.3.1/bin/../lib/gcc/arm-none-eabi/13.3.1/thumb/v7e-m/nofp\libg.a(libc_a-fwalk.o)
                0x90005cfc                _fwalk_sglue
 .text.printf   0x90005d40       0x28 D:/Compiler/arm-eabi-gcc13.3.1/bin/../lib/gcc/arm-none-eabi/13.3.1/thumb/v7e-m/nofp\libg.a(libc_a-printf.o)
                0x90005d40                printf
 .text.setvbuf  0x90005d68      0x1a4 D:/Compiler/arm-eabi-gcc13.3.1/bin/../lib/gcc/arm-none-eabi/13.3.1/thumb/v7e-m/nofp\libg.a(libc_a-setvbuf.o)
                0x90005d68                setvbuf
 .text.__sread  0x90005f0c       0x24 D:/Compiler/arm-eabi-gcc13.3.1/bin/../lib/gcc/arm-none-eabi/13.3.1/thumb/v7e-m/nofp\libg.a(libc_a-stdio.o)
                0x90005f0c                __sread
 .text.__swrite
                0x90005f30       0x40 D:/Compiler/arm-eabi-gcc13.3.1/bin/../lib/gcc/arm-none-eabi/13.3.1/thumb/v7e-m/nofp\libg.a(libc_a-stdio.o)
                0x90005f30                __swrite
 .text.__sseek  0x90005f70       0x24 D:/Compiler/arm-eabi-gcc13.3.1/bin/../lib/gcc/arm-none-eabi/13.3.1/thumb/v7e-m/nofp\libg.a(libc_a-stdio.o)
                0x90005f70                __sseek
 .text.__sclose
                0x90005f94        0x8 D:/Compiler/arm-eabi-gcc13.3.1/bin/../lib/gcc/arm-none-eabi/13.3.1/thumb/v7e-m/nofp\libg.a(libc_a-stdio.o)
                0x90005f94                __sclose
 .text.memset   0x90005f9c       0xa4 D:/Compiler/arm-eabi-gcc13.3.1/bin/../lib/gcc/arm-none-eabi/13.3.1/thumb/v7e-m/nofp\libg.a(libc_a-memset.o)
                0x90005f9c                memset
 .text._close_r
                0x90006040       0x24 D:/Compiler/arm-eabi-gcc13.3.1/bin/../lib/gcc/arm-none-eabi/13.3.1/thumb/v7e-m/nofp\libg.a(libc_a-closer.o)
                0x90006040                _close_r
 .text._lseek_r
                0x90006064       0x2c D:/Compiler/arm-eabi-gcc13.3.1/bin/../lib/gcc/arm-none-eabi/13.3.1/thumb/v7e-m/nofp\libg.a(libc_a-lseekr.o)
                0x90006064                _lseek_r
 .text._read_r  0x90006090       0x2c D:/Compiler/arm-eabi-gcc13.3.1/bin/../lib/gcc/arm-none-eabi/13.3.1/thumb/v7e-m/nofp\libg.a(libc_a-readr.o)
                0x90006090                _read_r
 .text._write_r
                0x900060bc       0x2c D:/Compiler/arm-eabi-gcc13.3.1/bin/../lib/gcc/arm-none-eabi/13.3.1/thumb/v7e-m/nofp\libg.a(libc_a-writer.o)
                0x900060bc                _write_r
 .text.__errno  0x900060e8        0xc D:/Compiler/arm-eabi-gcc13.3.1/bin/../lib/gcc/arm-none-eabi/13.3.1/thumb/v7e-m/nofp\libg.a(libc_a-errno.o)
                0x900060e8                __errno
 .text.__libc_init_array
                0x900060f4       0x50 D:/Compiler/arm-eabi-gcc13.3.1/bin/../lib/gcc/arm-none-eabi/13.3.1/thumb/v7e-m/nofp\libg.a(libc_a-init.o)
                0x900060f4                __libc_init_array
 .text.__retarget_lock_init_recursive
                0x90006144        0x4 D:/Compiler/arm-eabi-gcc13.3.1/bin/../lib/gcc/arm-none-eabi/13.3.1/thumb/v7e-m/nofp\libg.a(libc_a-lock.o)
                0x90006144                __retarget_lock_init_recursive
 .text.__retarget_lock_close_recursive
                0x90006148        0x4 D:/Compiler/arm-eabi-gcc13.3.1/bin/../lib/gcc/arm-none-eabi/13.3.1/thumb/v7e-m/nofp\libg.a(libc_a-lock.o)
                0x90006148                __retarget_lock_close_recursive
 .text.__retarget_lock_acquire_recursive
                0x9000614c        0x4 D:/Compiler/arm-eabi-gcc13.3.1/bin/../lib/gcc/arm-none-eabi/13.3.1/thumb/v7e-m/nofp\libg.a(libc_a-lock.o)
                0x9000614c                __retarget_lock_acquire_recursive
 .text.__retarget_lock_release_recursive
                0x90006150        0x4 D:/Compiler/arm-eabi-gcc13.3.1/bin/../lib/gcc/arm-none-eabi/13.3.1/thumb/v7e-m/nofp\libg.a(libc_a-lock.o)
                0x90006150                __retarget_lock_release_recursive
 .text.startup.register_fini
                0x90006154       0x14 D:/Compiler/arm-eabi-gcc13.3.1/bin/../lib/gcc/arm-none-eabi/13.3.1/thumb/v7e-m/nofp\libg.a(libc_a-__call_atexit.o)
 .text.atexit   0x90006168        0xc D:/Compiler/arm-eabi-gcc13.3.1/bin/../lib/gcc/arm-none-eabi/13.3.1/thumb/v7e-m/nofp\libg.a(libc_a-atexit.o)
                0x90006168                atexit
 .text._malloc_trim_r
                0x90006174       0xb8 D:/Compiler/arm-eabi-gcc13.3.1/bin/../lib/gcc/arm-none-eabi/13.3.1/thumb/v7e-m/nofp\libg.a(libc_a-freer.o)
                0x90006174                _malloc_trim_r
 .text._free_r  0x9000622c      0x1f8 D:/Compiler/arm-eabi-gcc13.3.1/bin/../lib/gcc/arm-none-eabi/13.3.1/thumb/v7e-m/nofp\libg.a(libc_a-freer.o)
                0x9000622c                _free_r
 .text.malloc   0x90006424       0x10 D:/Compiler/arm-eabi-gcc13.3.1/bin/../lib/gcc/arm-none-eabi/13.3.1/thumb/v7e-m/nofp\libg.a(libc_a-malloc.o)
                0x90006424                malloc
 .text._malloc_r
                0x90006434      0x564 D:/Compiler/arm-eabi-gcc13.3.1/bin/../lib/gcc/arm-none-eabi/13.3.1/thumb/v7e-m/nofp\libg.a(libc_a-mallocr.o)
                0x90006434                _malloc_r
 .text.__malloc_lock
                0x90006998        0xc D:/Compiler/arm-eabi-gcc13.3.1/bin/../lib/gcc/arm-none-eabi/13.3.1/thumb/v7e-m/nofp\libg.a(libc_a-mlock.o)
                0x90006998                __malloc_lock
 .text.__malloc_unlock
                0x900069a4        0xc D:/Compiler/arm-eabi-gcc13.3.1/bin/../lib/gcc/arm-none-eabi/13.3.1/thumb/v7e-m/nofp\libg.a(libc_a-mlock.o)
                0x900069a4                __malloc_unlock
 .text._vfprintf_r
                0x900069b0     0x1c5c D:/Compiler/arm-eabi-gcc13.3.1/bin/../lib/gcc/arm-none-eabi/13.3.1/thumb/v7e-m/nofp\libg.a(libc_a-vfprintf.o)
                0x900069b0                _vfprintf_r
 .text.__sbprintf
                0x9000860c       0x80 D:/Compiler/arm-eabi-gcc13.3.1/bin/../lib/gcc/arm-none-eabi/13.3.1/thumb/v7e-m/nofp\libg.a(libc_a-vfprintf.o)
 .text.__sprint_r
                0x9000868c       0x20 D:/Compiler/arm-eabi-gcc13.3.1/bin/../lib/gcc/arm-none-eabi/13.3.1/thumb/v7e-m/nofp\libg.a(libc_a-sprint_r.o)
                0x9000868c                __sprint_r
 .text._fclose_r
                0x900086ac       0xc0 D:/Compiler/arm-eabi-gcc13.3.1/bin/../lib/gcc/arm-none-eabi/13.3.1/thumb/v7e-m/nofp\libg.a(libc_a-fclose.o)
                0x900086ac                _fclose_r
 .text.__sflush_r
                0x9000876c      0x128 D:/Compiler/arm-eabi-gcc13.3.1/bin/../lib/gcc/arm-none-eabi/13.3.1/thumb/v7e-m/nofp\libg.a(libc_a-fflush.o)
                0x9000876c                __sflush_r
 .text._fflush_r
                0x90008894       0x54 D:/Compiler/arm-eabi-gcc13.3.1/bin/../lib/gcc/arm-none-eabi/13.3.1/thumb/v7e-m/nofp\libg.a(libc_a-fflush.o)
                0x90008894                _fflush_r
 .text.__sfvwrite_r
                0x900088e8      0x2f8 D:/Compiler/arm-eabi-gcc13.3.1/bin/../lib/gcc/arm-none-eabi/13.3.1/thumb/v7e-m/nofp\libg.a(libc_a-fvwrite.o)
                0x900088e8                __sfvwrite_r
 .text.__smakebuf_r
                0x90008be0       0xdc D:/Compiler/arm-eabi-gcc13.3.1/bin/../lib/gcc/arm-none-eabi/13.3.1/thumb/v7e-m/nofp\libg.a(libc_a-makebuf.o)
                0x90008be0                __smakebuf_r
 .text.__swhatbuf_r
                0x90008cbc       0x60 D:/Compiler/arm-eabi-gcc13.3.1/bin/../lib/gcc/arm-none-eabi/13.3.1/thumb/v7e-m/nofp\libg.a(libc_a-makebuf.o)
                0x90008cbc                __swhatbuf_r
 .text.__swsetup_r
                0x90008d1c       0xc4 D:/Compiler/arm-eabi-gcc13.3.1/bin/../lib/gcc/arm-none-eabi/13.3.1/thumb/v7e-m/nofp\libg.a(libc_a-wsetup.o)
                0x90008d1c                __swsetup_r
 .text.memmove  0x90008de0      0x100 D:/Compiler/arm-eabi-gcc13.3.1/bin/../lib/gcc/arm-none-eabi/13.3.1/thumb/v7e-m/nofp\libg.a(libc_a-memmove.o)
                0x90008de0                memmove
 .text.strncpy  0x90008ee0       0x68 D:/Compiler/arm-eabi-gcc13.3.1/bin/../lib/gcc/arm-none-eabi/13.3.1/thumb/v7e-m/nofp\libg.a(libc_a-strncpy.o)
                0x90008ee0                strncpy
 .text.__locale_mb_cur_max
                0x90008f48        0xc D:/Compiler/arm-eabi-gcc13.3.1/bin/../lib/gcc/arm-none-eabi/13.3.1/thumb/v7e-m/nofp\libg.a(libc_a-locale.o)
                0x90008f48                __locale_mb_cur_max
 .text._localeconv_r
                0x90008f54        0x8 D:/Compiler/arm-eabi-gcc13.3.1/bin/../lib/gcc/arm-none-eabi/13.3.1/thumb/v7e-m/nofp\libg.a(libc_a-localeconv.o)
                0x90008f54                _localeconv_r
 .text._fstat_r
                0x90008f5c       0x2c D:/Compiler/arm-eabi-gcc13.3.1/bin/../lib/gcc/arm-none-eabi/13.3.1/thumb/v7e-m/nofp\libg.a(libc_a-fstatr.o)
                0x90008f5c                _fstat_r
 .text._isatty_r
                0x90008f88       0x24 D:/Compiler/arm-eabi-gcc13.3.1/bin/../lib/gcc/arm-none-eabi/13.3.1/thumb/v7e-m/nofp\libg.a(libc_a-isattyr.o)
                0x90008f88                _isatty_r
 .text._sbrk_r  0x90008fac       0x24 D:/Compiler/arm-eabi-gcc13.3.1/bin/../lib/gcc/arm-none-eabi/13.3.1/thumb/v7e-m/nofp\libg.a(libc_a-sbrkr.o)
                0x90008fac                _sbrk_r
 .text.__libc_fini_array
                0x90008fd0       0x28 D:/Compiler/arm-eabi-gcc13.3.1/bin/../lib/gcc/arm-none-eabi/13.3.1/thumb/v7e-m/nofp\libg.a(libc_a-fini.o)
                0x90008fd0                __libc_fini_array
 .text.sysconf  0x90008ff8       0x1c D:/Compiler/arm-eabi-gcc13.3.1/bin/../lib/gcc/arm-none-eabi/13.3.1/thumb/v7e-m/nofp\libg.a(libc_a-sysconf.o)
                0x90008ff8                sysconf
 .text.frexp    0x90009014       0x6c D:/Compiler/arm-eabi-gcc13.3.1/bin/../lib/gcc/arm-none-eabi/13.3.1/thumb/v7e-m/nofp\libg.a(libm_a-s_frexp.o)
                0x90009014                frexp
 .text.__register_exitproc
                0x90009080       0x80 D:/Compiler/arm-eabi-gcc13.3.1/bin/../lib/gcc/arm-none-eabi/13.3.1/thumb/v7e-m/nofp\libg.a(libc_a-__atexit.o)
                0x90009080                __register_exitproc
 .text.quorem   0x90009100      0x12c D:/Compiler/arm-eabi-gcc13.3.1/bin/../lib/gcc/arm-none-eabi/13.3.1/thumb/v7e-m/nofp\libg.a(libc_a-dtoa.o)
 *fill*         0x9000922c        0x4 
 .text._dtoa_r  0x90009230      0xe80 D:/Compiler/arm-eabi-gcc13.3.1/bin/../lib/gcc/arm-none-eabi/13.3.1/thumb/v7e-m/nofp\libg.a(libc_a-dtoa.o)
                0x90009230                _dtoa_r
 .text.__ascii_mbtowc
                0x9000a0b0       0x2c D:/Compiler/arm-eabi-gcc13.3.1/bin/../lib/gcc/arm-none-eabi/13.3.1/thumb/v7e-m/nofp\libg.a(libc_a-mbtowc_r.o)
                0x9000a0b0                __ascii_mbtowc
 .text._Balloc  0x9000a0dc       0x4c D:/Compiler/arm-eabi-gcc13.3.1/bin/../lib/gcc/arm-none-eabi/13.3.1/thumb/v7e-m/nofp\libg.a(libc_a-mprec.o)
                0x9000a0dc                _Balloc
 .text._Bfree   0x9000a128       0x14 D:/Compiler/arm-eabi-gcc13.3.1/bin/../lib/gcc/arm-none-eabi/13.3.1/thumb/v7e-m/nofp\libg.a(libc_a-mprec.o)
                0x9000a128                _Bfree
 .text.__multadd
                0x9000a13c       0xa0 D:/Compiler/arm-eabi-gcc13.3.1/bin/../lib/gcc/arm-none-eabi/13.3.1/thumb/v7e-m/nofp\libg.a(libc_a-mprec.o)
                0x9000a13c                __multadd
 .text.__hi0bits
                0x9000a1dc       0x44 D:/Compiler/arm-eabi-gcc13.3.1/bin/../lib/gcc/arm-none-eabi/13.3.1/thumb/v7e-m/nofp\libg.a(libc_a-mprec.o)
                0x9000a1dc                __hi0bits
 .text.__lo0bits
                0x9000a220       0x60 D:/Compiler/arm-eabi-gcc13.3.1/bin/../lib/gcc/arm-none-eabi/13.3.1/thumb/v7e-m/nofp\libg.a(libc_a-mprec.o)
                0x9000a220                __lo0bits
 .text.__i2b    0x9000a280       0x5c D:/Compiler/arm-eabi-gcc13.3.1/bin/../lib/gcc/arm-none-eabi/13.3.1/thumb/v7e-m/nofp\libg.a(libc_a-mprec.o)
                0x9000a280                __i2b
 .text.__multiply
                0x9000a2dc      0x16c D:/Compiler/arm-eabi-gcc13.3.1/bin/../lib/gcc/arm-none-eabi/13.3.1/thumb/v7e-m/nofp\libg.a(libc_a-mprec.o)
                0x9000a2dc                __multiply
 .text.__pow5mult
                0x9000a448       0xb4 D:/Compiler/arm-eabi-gcc13.3.1/bin/../lib/gcc/arm-none-eabi/13.3.1/thumb/v7e-m/nofp\libg.a(libc_a-mprec.o)
                0x9000a448                __pow5mult
 .text.__lshift
                0x9000a4fc       0xf0 D:/Compiler/arm-eabi-gcc13.3.1/bin/../lib/gcc/arm-none-eabi/13.3.1/thumb/v7e-m/nofp\libg.a(libc_a-mprec.o)
                0x9000a4fc                __lshift
 .text.__mcmp   0x9000a5ec       0x40 D:/Compiler/arm-eabi-gcc13.3.1/bin/../lib/gcc/arm-none-eabi/13.3.1/thumb/v7e-m/nofp\libg.a(libc_a-mprec.o)
                0x9000a5ec                __mcmp
 .text.__mdiff  0x9000a62c      0x178 D:/Compiler/arm-eabi-gcc13.3.1/bin/../lib/gcc/arm-none-eabi/13.3.1/thumb/v7e-m/nofp\libg.a(libc_a-mprec.o)
                0x9000a62c                __mdiff
 .text.__d2b    0x9000a7a4       0xbc D:/Compiler/arm-eabi-gcc13.3.1/bin/../lib/gcc/arm-none-eabi/13.3.1/thumb/v7e-m/nofp\libg.a(libc_a-mprec.o)
                0x9000a7a4                __d2b
 .text._realloc_r
                0x9000a860      0x344 D:/Compiler/arm-eabi-gcc13.3.1/bin/../lib/gcc/arm-none-eabi/13.3.1/thumb/v7e-m/nofp\libg.a(libc_a-reallocr.o)
                0x9000a860                _realloc_r
 .text.__ascii_wctomb
                0x9000aba4       0x1c D:/Compiler/arm-eabi-gcc13.3.1/bin/../lib/gcc/arm-none-eabi/13.3.1/thumb/v7e-m/nofp\libg.a(libc_a-wctomb_r.o)
                0x9000aba4                __ascii_wctomb
 .text._wcrtomb_r
                0x9000abc0       0x4c D:/Compiler/arm-eabi-gcc13.3.1/bin/../lib/gcc/arm-none-eabi/13.3.1/thumb/v7e-m/nofp\libg.a(libc_a-wcrtomb.o)
                0x9000abc0                _wcrtomb_r
 .text._wcsrtombs_r
                0x9000ac0c       0x1c D:/Compiler/arm-eabi-gcc13.3.1/bin/../lib/gcc/arm-none-eabi/13.3.1/thumb/v7e-m/nofp\libg.a(libc_a-wcsrtombs.o)
                0x9000ac0c                _wcsrtombs_r
 .text.__assert_func
                0x9000ac28       0x40 D:/Compiler/arm-eabi-gcc13.3.1/bin/../lib/gcc/arm-none-eabi/13.3.1/thumb/v7e-m/nofp\libg.a(libc_a-assert.o)
                0x9000ac28                __assert_func
 .text._calloc_r
                0x9000ac68       0x6c D:/Compiler/arm-eabi-gcc13.3.1/bin/../lib/gcc/arm-none-eabi/13.3.1/thumb/v7e-m/nofp\libg.a(libc_a-callocr.o)
                0x9000ac68                _calloc_r
 .text._wcsnrtombs_l
                0x9000acd4       0xec D:/Compiler/arm-eabi-gcc13.3.1/bin/../lib/gcc/arm-none-eabi/13.3.1/thumb/v7e-m/nofp\libg.a(libc_a-wcsnrtombs.o)
                0x9000acd4                _wcsnrtombs_l
 .text._wcsnrtombs_r
                0x9000adc0       0x24 D:/Compiler/arm-eabi-gcc13.3.1/bin/../lib/gcc/arm-none-eabi/13.3.1/thumb/v7e-m/nofp\libg.a(libc_a-wcsnrtombs.o)
                0x9000adc0                _wcsnrtombs_r
 .text.fiprintf
                0x9000ade4       0x28 D:/Compiler/arm-eabi-gcc13.3.1/bin/../lib/gcc/arm-none-eabi/13.3.1/thumb/v7e-m/nofp\libg.a(libc_a-fiprintf.o)
                0x9000ade4                fiprintf
 .text._vfiprintf_r
                0x9000ae0c      0xe6c D:/Compiler/arm-eabi-gcc13.3.1/bin/../lib/gcc/arm-none-eabi/13.3.1/thumb/v7e-m/nofp\libg.a(libc_a-vfiprintf.o)
                0x9000ae0c                _vfiprintf_r
 .text.__sbprintf
                0x9000bc78       0x80 D:/Compiler/arm-eabi-gcc13.3.1/bin/../lib/gcc/arm-none-eabi/13.3.1/thumb/v7e-m/nofp\libg.a(libc_a-vfiprintf.o)
 .text.abort    0x9000bcf8       0x10 D:/Compiler/arm-eabi-gcc13.3.1/bin/../lib/gcc/arm-none-eabi/13.3.1/thumb/v7e-m/nofp\libg.a(libc_a-abort.o)
                0x9000bcf8                abort
 .text.raise    0x9000bd08       0x58 D:/Compiler/arm-eabi-gcc13.3.1/bin/../lib/gcc/arm-none-eabi/13.3.1/thumb/v7e-m/nofp\libg.a(libc_a-signal.o)
                0x9000bd08                raise
 .text._kill_r  0x9000bd60       0x2c D:/Compiler/arm-eabi-gcc13.3.1/bin/../lib/gcc/arm-none-eabi/13.3.1/thumb/v7e-m/nofp\libg.a(libc_a-signalr.o)
                0x9000bd60                _kill_r
 .text._getpid_r
                0x9000bd8c        0x4 D:/Compiler/arm-eabi-gcc13.3.1/bin/../lib/gcc/arm-none-eabi/13.3.1/thumb/v7e-m/nofp\libg.a(libc_a-signalr.o)
                0x9000bd8c                _getpid_r
 *(.glue_7)
 .glue_7        0x9000bd90        0x0 linker stubs
 *(.glue_7t)
 .glue_7t       0x9000bd90        0x0 linker stubs
 *(.eh_frame)
 .eh_frame      0x9000bd90        0x0 D:/Compiler/arm-eabi-gcc13.3.1/bin/../lib/gcc/arm-none-eabi/13.3.1/thumb/v7e-m/nofp/crtbegin.o
 *(.init)
 .init          0x9000bd90        0x4 D:/Compiler/arm-eabi-gcc13.3.1/bin/../lib/gcc/arm-none-eabi/13.3.1/thumb/v7e-m/nofp/crti.o
                0x9000bd90                _init
 .init          0x9000bd94        0x8 D:/Compiler/arm-eabi-gcc13.3.1/bin/../lib/gcc/arm-none-eabi/13.3.1/thumb/v7e-m/nofp/crtn.o
 *(.fini)
 .fini          0x9000bd9c        0x4 D:/Compiler/arm-eabi-gcc13.3.1/bin/../lib/gcc/arm-none-eabi/13.3.1/thumb/v7e-m/nofp/crti.o
                0x9000bd9c                _fini
 .fini          0x9000bda0        0x8 D:/Compiler/arm-eabi-gcc13.3.1/bin/../lib/gcc/arm-none-eabi/13.3.1/thumb/v7e-m/nofp/crtn.o
                0x9000bda8                        . = ALIGN (0x4)
                0x9000bda8                        _etext = .

.vfp11_veneer   0x9000bda8        0x0
 .vfp11_veneer  0x9000bda8        0x0 linker stubs

.v4_bx          0x9000bda8        0x0
 .v4_bx         0x9000bda8        0x0 linker stubs

.iplt           0x9000bda8        0x0
 .iplt          0x9000bda8        0x0 D:/Compiler/arm-eabi-gcc13.3.1/bin/../lib/gcc/arm-none-eabi/13.3.1/thumb/v7e-m/nofp/crtbegin.o

.rodata         0x9000bda8      0x424
                0x9000bda8                        . = ALIGN (0x4)
 *(.rodata)
 *(.rodata*)
 .rodata.main.str1.4
                0x9000bda8      0x1b7 CMakeFiles/Apptest1.elf.dir/Core/Src/main.c.obj
                                  0xd (size before relaxing)
 *fill*         0x9000bf5f        0x1 
 .rodata.D1CorePrescTable
                0x9000bf60       0x10 CMakeFiles/Apptest1.elf.dir/Core/Src/system_stm32h7xx.c.obj
                0x9000bf60                D1CorePrescTable
 .rodata.UARTPrescTable
                0x9000bf70       0x18 CMakeFiles/Apptest1.elf.dir/Drivers/STM32H7xx_HAL_Driver/Src/stm32h7xx_hal_uart.c.obj
                0x9000bf70                UARTPrescTable
 .rodata._vfprintf_r.str1.4
                0x9000bf88       0x42 D:/Compiler/arm-eabi-gcc13.3.1/bin/../lib/gcc/arm-none-eabi/13.3.1/thumb/v7e-m/nofp\libg.a(libc_a-vfprintf.o)
 .rodata.zeroes.0
                0x9000bf88       0x10 D:/Compiler/arm-eabi-gcc13.3.1/bin/../lib/gcc/arm-none-eabi/13.3.1/thumb/v7e-m/nofp\libg.a(libc_a-vfprintf.o)
 .rodata.blanks.1
                0x9000bf98       0x10 D:/Compiler/arm-eabi-gcc13.3.1/bin/../lib/gcc/arm-none-eabi/13.3.1/thumb/v7e-m/nofp\libg.a(libc_a-vfprintf.o)
 .rodata.str1.4
                0x9000bfa8       0x4c D:/Compiler/arm-eabi-gcc13.3.1/bin/../lib/gcc/arm-none-eabi/13.3.1/thumb/v7e-m/nofp\libg.a(libc_a-locale.o)
 .rodata._dtoa_r.str1.4
                0x9000bfa8       0x81 D:/Compiler/arm-eabi-gcc13.3.1/bin/../lib/gcc/arm-none-eabi/13.3.1/thumb/v7e-m/nofp\libg.a(libc_a-dtoa.o)
 .rodata.__multadd.str1.4
                0x9000bfa8       0x6e D:/Compiler/arm-eabi-gcc13.3.1/bin/../lib/gcc/arm-none-eabi/13.3.1/thumb/v7e-m/nofp\libg.a(libc_a-mprec.o)
 .rodata.p05.0  0x9000bfa8        0xc D:/Compiler/arm-eabi-gcc13.3.1/bin/../lib/gcc/arm-none-eabi/13.3.1/thumb/v7e-m/nofp\libg.a(libc_a-mprec.o)
 *fill*         0x9000bfb4        0x4 
 .rodata.__mprec_bigtens
                0x9000bfb8       0x28 D:/Compiler/arm-eabi-gcc13.3.1/bin/../lib/gcc/arm-none-eabi/13.3.1/thumb/v7e-m/nofp\libg.a(libc_a-mprec.o)
                0x9000bfb8                __mprec_bigtens
 .rodata.__mprec_tens
                0x9000bfe0       0xc8 D:/Compiler/arm-eabi-gcc13.3.1/bin/../lib/gcc/arm-none-eabi/13.3.1/thumb/v7e-m/nofp\libg.a(libc_a-mprec.o)
                0x9000bfe0                __mprec_tens
 .rodata._ctype_
                0x9000c0a8      0x101 D:/Compiler/arm-eabi-gcc13.3.1/bin/../lib/gcc/arm-none-eabi/13.3.1/thumb/v7e-m/nofp\libg.a(libc_a-ctype_.o)
                0x9000c0a8                _ctype_
 .rodata.__assert_func.str1.4
                0x9000c1a9       0x43 D:/Compiler/arm-eabi-gcc13.3.1/bin/../lib/gcc/arm-none-eabi/13.3.1/thumb/v7e-m/nofp\libg.a(libc_a-assert.o)
 .rodata._vfiprintf_r.str1.4
                0x9000c1a9       0x2f D:/Compiler/arm-eabi-gcc13.3.1/bin/../lib/gcc/arm-none-eabi/13.3.1/thumb/v7e-m/nofp\libg.a(libc_a-vfiprintf.o)
 *fill*         0x9000c1a9        0x3 
 .rodata.zeroes.0
                0x9000c1ac       0x10 D:/Compiler/arm-eabi-gcc13.3.1/bin/../lib/gcc/arm-none-eabi/13.3.1/thumb/v7e-m/nofp\libg.a(libc_a-vfiprintf.o)
 .rodata.blanks.1
                0x9000c1bc       0x10 D:/Compiler/arm-eabi-gcc13.3.1/bin/../lib/gcc/arm-none-eabi/13.3.1/thumb/v7e-m/nofp\libg.a(libc_a-vfiprintf.o)
                0x9000c1cc                        . = ALIGN (0x4)

.ARM.extab
 *(.ARM.extab* .gnu.linkonce.armextab.*)

.ARM            0x9000c1cc        0x8
                0x9000c1cc                        __exidx_start = .
 *(.ARM.exidx*)
 .ARM.exidx     0x9000c1cc        0x8 D:/Compiler/arm-eabi-gcc13.3.1/bin/../lib/gcc/arm-none-eabi/13.3.1/thumb/v7e-m/nofp\libg.a(libc_a-memchr.o)
 .ARM.exidx     0x9000c1d4        0x0 D:/Compiler/arm-eabi-gcc13.3.1/bin/../lib/gcc/arm-none-eabi/13.3.1/thumb/v7e-m/nofp\libg.a(libc_a-memcpy.o)
                                  0x8 (size before relaxing)
 .ARM.exidx     0x9000c1d4        0x0 D:/Compiler/arm-eabi-gcc13.3.1/bin/../lib/gcc/arm-none-eabi/13.3.1/thumb/v7e-m/nofp\libg.a(libc_a-strlen.o)
                                  0x8 (size before relaxing)
 .ARM.exidx.text.__udivmoddi4
                0x9000c1d4        0x0 D:/Compiler/arm-eabi-gcc13.3.1/bin/../lib/gcc/arm-none-eabi/13.3.1/thumb/v7e-m/nofp\libgcc.a(_udivmoddi4.o)
                                  0x8 (size before relaxing)
                0x9000c1d4                        __exidx_end = .

.preinit_array  0x9000c1d4        0x0
                0x9000c1d4                        PROVIDE (__preinit_array_start = .)
 *(.preinit_array*)
                0x9000c1d4                        PROVIDE (__preinit_array_end = .)

.init_array     0x9000c1d4        0x8
                0x9000c1d4                        PROVIDE (__init_array_start = .)
 *(SORT_BY_NAME(.init_array.*))
 .init_array.00000
                0x9000c1d4        0x4 D:/Compiler/arm-eabi-gcc13.3.1/bin/../lib/gcc/arm-none-eabi/13.3.1/thumb/v7e-m/nofp\libg.a(libc_a-__call_atexit.o)
 *(.init_array*)
 .init_array    0x9000c1d8        0x4 D:/Compiler/arm-eabi-gcc13.3.1/bin/../lib/gcc/arm-none-eabi/13.3.1/thumb/v7e-m/nofp/crtbegin.o
                0x9000c1dc                        PROVIDE (__init_array_end = .)

.fini_array     0x9000c1dc        0x4
                0x9000c1dc                        PROVIDE (__fini_array_start = .)
 *(SORT_BY_NAME(.fini_array.*))
 *(.fini_array*)
 .fini_array    0x9000c1dc        0x4 D:/Compiler/arm-eabi-gcc13.3.1/bin/../lib/gcc/arm-none-eabi/13.3.1/thumb/v7e-m/nofp/crtbegin.o
                0x9000c1e0                        PROVIDE (__fini_array_end = .)
                0x9000c1e0                        _sidata = LOADADDR (.data)

.rel.dyn        0x9000c1e0        0x0
 .rel.iplt      0x9000c1e0        0x0 D:/Compiler/arm-eabi-gcc13.3.1/bin/../lib/gcc/arm-none-eabi/13.3.1/thumb/v7e-m/nofp/crtbegin.o

.data           0x24000000      0x6e4 load address 0x9000c1e0
                0x24000000                        . = ALIGN (0x4)
                0x24000000                        _sdata = .
 *(.data)
 *(.data*)
 .data.SystemD2Clock
                0x24000000        0x4 CMakeFiles/Apptest1.elf.dir/Core/Src/system_stm32h7xx.c.obj
                0x24000000                SystemD2Clock
 .data.SystemCoreClock
                0x24000004        0x4 CMakeFiles/Apptest1.elf.dir/Core/Src/system_stm32h7xx.c.obj
                0x24000004                SystemCoreClock
 .data.uwTickFreq
                0x24000008        0x1 CMakeFiles/Apptest1.elf.dir/Drivers/STM32H7xx_HAL_Driver/Src/stm32h7xx_hal.c.obj
                0x24000008                uwTickFreq
 *fill*         0x24000009        0x3 
 .data.uwTickPrio
                0x2400000c        0x4 CMakeFiles/Apptest1.elf.dir/Drivers/STM32H7xx_HAL_Driver/Src/stm32h7xx_hal.c.obj
                0x2400000c                uwTickPrio
 .data.__sglue  0x24000010        0xc D:/Compiler/arm-eabi-gcc13.3.1/bin/../lib/gcc/arm-none-eabi/13.3.1/thumb/v7e-m/nofp\libg.a(libc_a-findfp.o)
                0x24000010                __sglue
 .data._impure_ptr
                0x2400001c        0x4 D:/Compiler/arm-eabi-gcc13.3.1/bin/../lib/gcc/arm-none-eabi/13.3.1/thumb/v7e-m/nofp\libg.a(libc_a-impure.o)
                0x2400001c                _impure_ptr
 .data._impure_data
                0x24000020      0x140 D:/Compiler/arm-eabi-gcc13.3.1/bin/../lib/gcc/arm-none-eabi/13.3.1/thumb/v7e-m/nofp\libg.a(libc_a-impure.o)
                0x24000020                _impure_data
 .data.__atexit_recursive_mutex
                0x24000160        0x4 D:/Compiler/arm-eabi-gcc13.3.1/bin/../lib/gcc/arm-none-eabi/13.3.1/thumb/v7e-m/nofp\libg.a(libc_a-__call_atexit.o)
                0x24000160                __atexit_recursive_mutex
 .data.__malloc_sbrk_base
                0x24000164        0x4 D:/Compiler/arm-eabi-gcc13.3.1/bin/../lib/gcc/arm-none-eabi/13.3.1/thumb/v7e-m/nofp\libg.a(libc_a-mallocr.o)
                0x24000164                __malloc_sbrk_base
 .data.__malloc_trim_threshold
                0x24000168        0x4 D:/Compiler/arm-eabi-gcc13.3.1/bin/../lib/gcc/arm-none-eabi/13.3.1/thumb/v7e-m/nofp\libg.a(libc_a-mallocr.o)
                0x24000168                __malloc_trim_threshold
 *fill*         0x2400016c        0x4 
 .data.__malloc_av_
                0x24000170      0x408 D:/Compiler/arm-eabi-gcc13.3.1/bin/../lib/gcc/arm-none-eabi/13.3.1/thumb/v7e-m/nofp\libg.a(libc_a-mallocr.o)
                0x24000170                __malloc_av_
 .data.__global_locale
                0x24000578      0x16c D:/Compiler/arm-eabi-gcc13.3.1/bin/../lib/gcc/arm-none-eabi/13.3.1/thumb/v7e-m/nofp\libg.a(libc_a-locale.o)
                0x24000578                __global_locale
 *(.RamFunc)
 *(.RamFunc*)
                0x240006e4                        . = ALIGN (0x4)
                0x240006e4                        _edata = .

.tm_clone_table
                0x240006e4        0x0 load address 0x9000c8c4
 .tm_clone_table
                0x240006e4        0x0 D:/Compiler/arm-eabi-gcc13.3.1/bin/../lib/gcc/arm-none-eabi/13.3.1/thumb/v7e-m/nofp/crtbegin.o
 .tm_clone_table
                0x240006e4        0x0 D:/Compiler/arm-eabi-gcc13.3.1/bin/../lib/gcc/arm-none-eabi/13.3.1/thumb/v7e-m/nofp/crtend.o

.igot.plt       0x240006e4        0x0 load address 0x9000c8c4
 .igot.plt      0x240006e4        0x0 D:/Compiler/arm-eabi-gcc13.3.1/bin/../lib/gcc/arm-none-eabi/13.3.1/thumb/v7e-m/nofp/crtbegin.o
                0x240006e4                        . = ALIGN (0x4)

.bss            0x240006e4      0x4a0 load address 0x9000c8c4
                0x240006e4                        _sbss = .
                0x240006e4                        __bss_start__ = _sbss
 *(.bss)
 *(.bss*)
 .bss.completed.1
                0x240006e4        0x1 D:/Compiler/arm-eabi-gcc13.3.1/bin/../lib/gcc/arm-none-eabi/13.3.1/thumb/v7e-m/nofp/crtbegin.o
 *fill*         0x240006e5        0x3 
 .bss.object.0  0x240006e8       0x18 D:/Compiler/arm-eabi-gcc13.3.1/bin/../lib/gcc/arm-none-eabi/13.3.1/thumb/v7e-m/nofp/crtbegin.o
 .bss.__sbrk_heap_end
                0x24000700        0x4 CMakeFiles/Apptest1.elf.dir/Core/Src/sysmem.c.obj
 .bss.uwTick    0x24000704        0x4 CMakeFiles/Apptest1.elf.dir/Drivers/STM32H7xx_HAL_Driver/Src/stm32h7xx_hal.c.obj
                0x24000704                uwTick
 .bss.g_fac_us  0x24000708        0x4 CMakeFiles/Apptest1.elf.dir/Drivers/SYSTEM/delay/delay.c.obj
 .bss.gHuart    0x2400070c        0x4 CMakeFiles/Apptest1.elf.dir/Drivers/SYSTEM/retarget/retarget.c.obj
                0x2400070c                gHuart
 .bss.g_uart1_handle
                0x24000710       0x94 CMakeFiles/Apptest1.elf.dir/Drivers/SYSTEM/usart/usart.c.obj
                0x24000710                g_uart1_handle
 .bss.g_rx_buffer
                0x240007a4        0x1 CMakeFiles/Apptest1.elf.dir/Drivers/SYSTEM/usart/usart.c.obj
                0x240007a4                g_rx_buffer
 *fill*         0x240007a5        0x1 
 .bss.g_usart_rx_sta
                0x240007a6        0x2 CMakeFiles/Apptest1.elf.dir/Drivers/SYSTEM/usart/usart.c.obj
                0x240007a6                g_usart_rx_sta
 .bss.g_usart_rx_buf
                0x240007a8       0xc8 CMakeFiles/Apptest1.elf.dir/Drivers/SYSTEM/usart/usart.c.obj
                0x240007a8                g_usart_rx_buf
 .bss.__sf      0x24000870      0x138 D:/Compiler/arm-eabi-gcc13.3.1/bin/../lib/gcc/arm-none-eabi/13.3.1/thumb/v7e-m/nofp\libg.a(libc_a-findfp.o)
                0x24000870                __sf
 .bss.__stdio_exit_handler
                0x240009a8        0x4 D:/Compiler/arm-eabi-gcc13.3.1/bin/../lib/gcc/arm-none-eabi/13.3.1/thumb/v7e-m/nofp\libg.a(libc_a-findfp.o)
                0x240009a8                __stdio_exit_handler
 .bss.errno     0x240009ac        0x4 D:/Compiler/arm-eabi-gcc13.3.1/bin/../lib/gcc/arm-none-eabi/13.3.1/thumb/v7e-m/nofp\libg.a(libc_a-reent.o)
                0x240009ac                errno
 .bss.__lock___malloc_recursive_mutex
                0x240009b0        0x1 D:/Compiler/arm-eabi-gcc13.3.1/bin/../lib/gcc/arm-none-eabi/13.3.1/thumb/v7e-m/nofp\libg.a(libc_a-lock.o)
                0x240009b0                __lock___malloc_recursive_mutex
 *fill*         0x240009b1        0x3 
 .bss.__lock___atexit_recursive_mutex
                0x240009b4        0x1 D:/Compiler/arm-eabi-gcc13.3.1/bin/../lib/gcc/arm-none-eabi/13.3.1/thumb/v7e-m/nofp\libg.a(libc_a-lock.o)
                0x240009b4                __lock___atexit_recursive_mutex
 *fill*         0x240009b5        0x3 
 .bss.__lock___sfp_recursive_mutex
                0x240009b8        0x1 D:/Compiler/arm-eabi-gcc13.3.1/bin/../lib/gcc/arm-none-eabi/13.3.1/thumb/v7e-m/nofp\libg.a(libc_a-lock.o)
                0x240009b8                __lock___sfp_recursive_mutex
 *fill*         0x240009b9        0x3 
 .bss.__atexit  0x240009bc        0x4 D:/Compiler/arm-eabi-gcc13.3.1/bin/../lib/gcc/arm-none-eabi/13.3.1/thumb/v7e-m/nofp\libg.a(libc_a-__call_atexit.o)
                0x240009bc                __atexit
 .bss.__malloc_current_mallinfo
                0x240009c0       0x28 D:/Compiler/arm-eabi-gcc13.3.1/bin/../lib/gcc/arm-none-eabi/13.3.1/thumb/v7e-m/nofp\libg.a(libc_a-mallocr.o)
                0x240009c0                __malloc_current_mallinfo
 .bss.__malloc_max_total_mem
                0x240009e8        0x4 D:/Compiler/arm-eabi-gcc13.3.1/bin/../lib/gcc/arm-none-eabi/13.3.1/thumb/v7e-m/nofp\libg.a(libc_a-mallocr.o)
                0x240009e8                __malloc_max_total_mem
 .bss.__malloc_max_sbrked_mem
                0x240009ec        0x4 D:/Compiler/arm-eabi-gcc13.3.1/bin/../lib/gcc/arm-none-eabi/13.3.1/thumb/v7e-m/nofp\libg.a(libc_a-mallocr.o)
                0x240009ec                __malloc_max_sbrked_mem
 .bss.__malloc_top_pad
                0x240009f0        0x4 D:/Compiler/arm-eabi-gcc13.3.1/bin/../lib/gcc/arm-none-eabi/13.3.1/thumb/v7e-m/nofp\libg.a(libc_a-mallocr.o)
                0x240009f0                __malloc_top_pad
 .bss.__atexit0
                0x240009f4      0x190 D:/Compiler/arm-eabi-gcc13.3.1/bin/../lib/gcc/arm-none-eabi/13.3.1/thumb/v7e-m/nofp\libg.a(libc_a-__atexit.o)
                0x240009f4                __atexit0
 *(COMMON)
                0x24000b84                        . = ALIGN (0x4)
                0x24000b84                        _ebss = .
                0x24000b84                        __bss_end__ = _ebss

._user_heap_stack
                0x24000b84      0x804 load address 0x9000c8c4
                0x24000b88                        . = ALIGN (0x8)
 *fill*         0x24000b84        0x4 
                [!provide]                        PROVIDE (end = .)
                0x24000b88                        PROVIDE (_end = .)
                0x24000f88                        . = (. + _Min_Heap_Size)
 *fill*         0x24000b88      0x400 
                0x24001388                        . = (. + _Min_Stack_Size)
 *fill*         0x24000f88      0x400 
                0x24001388                        . = ALIGN (0x8)

/DISCARD/
 libc.a(*)
 libm.a(*)
 libgcc.a(*)

.ARM.attributes
                0x00000000       0x2a
 *(.ARM.attributes)
 .ARM.attributes
                0x00000000       0x1e D:/Compiler/arm-eabi-gcc13.3.1/bin/../lib/gcc/arm-none-eabi/13.3.1/thumb/v7e-m/nofp/crti.o
 .ARM.attributes
                0x0000001e       0x2e D:/Compiler/arm-eabi-gcc13.3.1/bin/../lib/gcc/arm-none-eabi/13.3.1/thumb/v7e-m/nofp/crtbegin.o
 .ARM.attributes
                0x0000004c       0x2e CMakeFiles/Apptest1.elf.dir/Core/Src/main.c.obj
 .ARM.attributes
                0x0000007a       0x2e CMakeFiles/Apptest1.elf.dir/Core/Src/stm32h7xx_hal_msp.c.obj
 .ARM.attributes
                0x000000a8       0x2e CMakeFiles/Apptest1.elf.dir/Core/Src/stm32h7xx_it.c.obj
 .ARM.attributes
                0x000000d6       0x2e CMakeFiles/Apptest1.elf.dir/Core/Src/syscalls.c.obj
 .ARM.attributes
                0x00000104       0x2e CMakeFiles/Apptest1.elf.dir/Core/Src/sysmem.c.obj
 .ARM.attributes
                0x00000132       0x2e CMakeFiles/Apptest1.elf.dir/Core/Src/system_stm32h7xx.c.obj
 .ARM.attributes
                0x00000160       0x21 CMakeFiles/Apptest1.elf.dir/Core/Startup/startup_stm32h750vbtx.s.obj
 .ARM.attributes
                0x00000181       0x2e CMakeFiles/Apptest1.elf.dir/Drivers/BSP/LED/led.c.obj
 .ARM.attributes
                0x000001af       0x2e CMakeFiles/Apptest1.elf.dir/Drivers/STM32H7xx_HAL_Driver/Src/stm32h7xx_hal.c.obj
 .ARM.attributes
                0x000001dd       0x2e CMakeFiles/Apptest1.elf.dir/Drivers/STM32H7xx_HAL_Driver/Src/stm32h7xx_hal_cortex.c.obj
 .ARM.attributes
                0x0000020b       0x2e CMakeFiles/Apptest1.elf.dir/Drivers/STM32H7xx_HAL_Driver/Src/stm32h7xx_hal_dma.c.obj
 .ARM.attributes
                0x00000239       0x2e CMakeFiles/Apptest1.elf.dir/Drivers/STM32H7xx_HAL_Driver/Src/stm32h7xx_hal_gpio.c.obj
 .ARM.attributes
                0x00000267       0x2e CMakeFiles/Apptest1.elf.dir/Drivers/STM32H7xx_HAL_Driver/Src/stm32h7xx_hal_pwr_ex.c.obj
 .ARM.attributes
                0x00000295       0x2e CMakeFiles/Apptest1.elf.dir/Drivers/STM32H7xx_HAL_Driver/Src/stm32h7xx_hal_rcc.c.obj
 .ARM.attributes
                0x000002c3       0x2e CMakeFiles/Apptest1.elf.dir/Drivers/STM32H7xx_HAL_Driver/Src/stm32h7xx_hal_rcc_ex.c.obj
 .ARM.attributes
                0x000002f1       0x2e CMakeFiles/Apptest1.elf.dir/Drivers/STM32H7xx_HAL_Driver/Src/stm32h7xx_hal_uart.c.obj
 .ARM.attributes
                0x0000031f       0x2e CMakeFiles/Apptest1.elf.dir/Drivers/STM32H7xx_HAL_Driver/Src/stm32h7xx_hal_uart_ex.c.obj
 .ARM.attributes
                0x0000034d       0x2e CMakeFiles/Apptest1.elf.dir/Drivers/SYSTEM/delay/delay.c.obj
 .ARM.attributes
                0x0000037b       0x2e CMakeFiles/Apptest1.elf.dir/Drivers/SYSTEM/retarget/retarget.c.obj
 .ARM.attributes
                0x000003a9       0x2e CMakeFiles/Apptest1.elf.dir/Drivers/SYSTEM/sys/sys.c.obj
 .ARM.attributes
                0x000003d7       0x2e CMakeFiles/Apptest1.elf.dir/Drivers/SYSTEM/usart/usart.c.obj
 .ARM.attributes
                0x00000405       0x1e D:/Compiler/arm-eabi-gcc13.3.1/bin/../lib/gcc/arm-none-eabi/13.3.1/thumb/v7e-m/nofp\libgcc.a(_arm_addsubsf3.o)
 .ARM.attributes
                0x00000423       0x1e D:/Compiler/arm-eabi-gcc13.3.1/bin/../lib/gcc/arm-none-eabi/13.3.1/thumb/v7e-m/nofp\libgcc.a(_arm_muldivsf3.o)
 .ARM.attributes
                0x00000441       0x1e D:/Compiler/arm-eabi-gcc13.3.1/bin/../lib/gcc/arm-none-eabi/13.3.1/thumb/v7e-m/nofp\libgcc.a(_arm_fixunssfsi.o)
 .ARM.attributes
                0x0000045f       0x1e D:/Compiler/arm-eabi-gcc13.3.1/bin/../lib/gcc/arm-none-eabi/13.3.1/thumb/v7e-m/nofp\libgcc.a(_aeabi_uldivmod.o)
 .ARM.attributes
                0x0000047d       0x2e D:/Compiler/arm-eabi-gcc13.3.1/bin/../lib/gcc/arm-none-eabi/13.3.1/thumb/v7e-m/nofp\libgcc.a(_udivmoddi4.o)
 .ARM.attributes
                0x000004ab       0x1e D:/Compiler/arm-eabi-gcc13.3.1/bin/../lib/gcc/arm-none-eabi/13.3.1/thumb/v7e-m/nofp\libgcc.a(_dvmd_tls.o)
 .ARM.attributes
                0x000004c9       0x2e D:/Compiler/arm-eabi-gcc13.3.1/bin/../lib/gcc/arm-none-eabi/13.3.1/thumb/v7e-m/nofp\libg.a(libc_a-findfp.o)
 .ARM.attributes
                0x000004f7       0x2e D:/Compiler/arm-eabi-gcc13.3.1/bin/../lib/gcc/arm-none-eabi/13.3.1/thumb/v7e-m/nofp\libg.a(libc_a-fwalk.o)
 .ARM.attributes
                0x00000525       0x2e D:/Compiler/arm-eabi-gcc13.3.1/bin/../lib/gcc/arm-none-eabi/13.3.1/thumb/v7e-m/nofp\libg.a(libc_a-printf.o)
 .ARM.attributes
                0x00000553       0x2e D:/Compiler/arm-eabi-gcc13.3.1/bin/../lib/gcc/arm-none-eabi/13.3.1/thumb/v7e-m/nofp\libg.a(libc_a-setvbuf.o)
 .ARM.attributes
                0x00000581       0x2e D:/Compiler/arm-eabi-gcc13.3.1/bin/../lib/gcc/arm-none-eabi/13.3.1/thumb/v7e-m/nofp\libg.a(libc_a-stdio.o)
 .ARM.attributes
                0x000005af       0x2e D:/Compiler/arm-eabi-gcc13.3.1/bin/../lib/gcc/arm-none-eabi/13.3.1/thumb/v7e-m/nofp\libg.a(libc_a-memset.o)
 .ARM.attributes
                0x000005dd       0x2e D:/Compiler/arm-eabi-gcc13.3.1/bin/../lib/gcc/arm-none-eabi/13.3.1/thumb/v7e-m/nofp\libg.a(libc_a-closer.o)
 .ARM.attributes
                0x0000060b       0x2e D:/Compiler/arm-eabi-gcc13.3.1/bin/../lib/gcc/arm-none-eabi/13.3.1/thumb/v7e-m/nofp\libg.a(libc_a-reent.o)
 .ARM.attributes
                0x00000639       0x2e D:/Compiler/arm-eabi-gcc13.3.1/bin/../lib/gcc/arm-none-eabi/13.3.1/thumb/v7e-m/nofp\libg.a(libc_a-impure.o)
 .ARM.attributes
                0x00000667       0x2e D:/Compiler/arm-eabi-gcc13.3.1/bin/../lib/gcc/arm-none-eabi/13.3.1/thumb/v7e-m/nofp\libg.a(libc_a-lseekr.o)
 .ARM.attributes
                0x00000695       0x2e D:/Compiler/arm-eabi-gcc13.3.1/bin/../lib/gcc/arm-none-eabi/13.3.1/thumb/v7e-m/nofp\libg.a(libc_a-readr.o)
 .ARM.attributes
                0x000006c3       0x2e D:/Compiler/arm-eabi-gcc13.3.1/bin/../lib/gcc/arm-none-eabi/13.3.1/thumb/v7e-m/nofp\libg.a(libc_a-writer.o)
 .ARM.attributes
                0x000006f1       0x2e D:/Compiler/arm-eabi-gcc13.3.1/bin/../lib/gcc/arm-none-eabi/13.3.1/thumb/v7e-m/nofp\libg.a(libc_a-errno.o)
 .ARM.attributes
                0x0000071f       0x2e D:/Compiler/arm-eabi-gcc13.3.1/bin/../lib/gcc/arm-none-eabi/13.3.1/thumb/v7e-m/nofp\libg.a(libc_a-init.o)
 .ARM.attributes
                0x0000074d       0x2e D:/Compiler/arm-eabi-gcc13.3.1/bin/../lib/gcc/arm-none-eabi/13.3.1/thumb/v7e-m/nofp\libg.a(libc_a-lock.o)
 .ARM.attributes
                0x0000077b       0x2e D:/Compiler/arm-eabi-gcc13.3.1/bin/../lib/gcc/arm-none-eabi/13.3.1/thumb/v7e-m/nofp\libg.a(libc_a-__call_atexit.o)
 .ARM.attributes
                0x000007a9       0x2e D:/Compiler/arm-eabi-gcc13.3.1/bin/../lib/gcc/arm-none-eabi/13.3.1/thumb/v7e-m/nofp\libg.a(libc_a-atexit.o)
 .ARM.attributes
                0x000007d7       0x2e D:/Compiler/arm-eabi-gcc13.3.1/bin/../lib/gcc/arm-none-eabi/13.3.1/thumb/v7e-m/nofp\libg.a(libc_a-freer.o)
 .ARM.attributes
                0x00000805       0x2e D:/Compiler/arm-eabi-gcc13.3.1/bin/../lib/gcc/arm-none-eabi/13.3.1/thumb/v7e-m/nofp\libg.a(libc_a-malloc.o)
 .ARM.attributes
                0x00000833       0x2e D:/Compiler/arm-eabi-gcc13.3.1/bin/../lib/gcc/arm-none-eabi/13.3.1/thumb/v7e-m/nofp\libg.a(libc_a-mallocr.o)
 .ARM.attributes
                0x00000861       0x2e D:/Compiler/arm-eabi-gcc13.3.1/bin/../lib/gcc/arm-none-eabi/13.3.1/thumb/v7e-m/nofp\libg.a(libc_a-mlock.o)
 .ARM.attributes
                0x0000088f       0x2e D:/Compiler/arm-eabi-gcc13.3.1/bin/../lib/gcc/arm-none-eabi/13.3.1/thumb/v7e-m/nofp\libg.a(libc_a-vfprintf.o)
 .ARM.attributes
                0x000008bd       0x2e D:/Compiler/arm-eabi-gcc13.3.1/bin/../lib/gcc/arm-none-eabi/13.3.1/thumb/v7e-m/nofp\libg.a(libc_a-sprint_r.o)
 .ARM.attributes
                0x000008eb       0x2e D:/Compiler/arm-eabi-gcc13.3.1/bin/../lib/gcc/arm-none-eabi/13.3.1/thumb/v7e-m/nofp\libg.a(libc_a-fclose.o)
 .ARM.attributes
                0x00000919       0x2e D:/Compiler/arm-eabi-gcc13.3.1/bin/../lib/gcc/arm-none-eabi/13.3.1/thumb/v7e-m/nofp\libg.a(libc_a-fflush.o)
 .ARM.attributes
                0x00000947       0x2e D:/Compiler/arm-eabi-gcc13.3.1/bin/../lib/gcc/arm-none-eabi/13.3.1/thumb/v7e-m/nofp\libg.a(libc_a-fvwrite.o)
 .ARM.attributes
                0x00000975       0x2e D:/Compiler/arm-eabi-gcc13.3.1/bin/../lib/gcc/arm-none-eabi/13.3.1/thumb/v7e-m/nofp\libg.a(libc_a-makebuf.o)
 .ARM.attributes
                0x000009a3       0x2e D:/Compiler/arm-eabi-gcc13.3.1/bin/../lib/gcc/arm-none-eabi/13.3.1/thumb/v7e-m/nofp\libg.a(libc_a-wsetup.o)
 .ARM.attributes
                0x000009d1       0x2e D:/Compiler/arm-eabi-gcc13.3.1/bin/../lib/gcc/arm-none-eabi/13.3.1/thumb/v7e-m/nofp\libg.a(libc_a-memmove.o)
 .ARM.attributes
                0x000009ff       0x2e D:/Compiler/arm-eabi-gcc13.3.1/bin/../lib/gcc/arm-none-eabi/13.3.1/thumb/v7e-m/nofp\libg.a(libc_a-strncpy.o)
 .ARM.attributes
                0x00000a2d       0x2e D:/Compiler/arm-eabi-gcc13.3.1/bin/../lib/gcc/arm-none-eabi/13.3.1/thumb/v7e-m/nofp\libg.a(libc_a-locale.o)
 .ARM.attributes
                0x00000a5b       0x2e D:/Compiler/arm-eabi-gcc13.3.1/bin/../lib/gcc/arm-none-eabi/13.3.1/thumb/v7e-m/nofp\libg.a(libc_a-localeconv.o)
 .ARM.attributes
                0x00000a89       0x2e D:/Compiler/arm-eabi-gcc13.3.1/bin/../lib/gcc/arm-none-eabi/13.3.1/thumb/v7e-m/nofp\libg.a(libc_a-fstatr.o)
 .ARM.attributes
                0x00000ab7       0x2e D:/Compiler/arm-eabi-gcc13.3.1/bin/../lib/gcc/arm-none-eabi/13.3.1/thumb/v7e-m/nofp\libg.a(libc_a-isattyr.o)
 .ARM.attributes
                0x00000ae5       0x2e D:/Compiler/arm-eabi-gcc13.3.1/bin/../lib/gcc/arm-none-eabi/13.3.1/thumb/v7e-m/nofp\libg.a(libc_a-sbrkr.o)
 .ARM.attributes
                0x00000b13       0x2e D:/Compiler/arm-eabi-gcc13.3.1/bin/../lib/gcc/arm-none-eabi/13.3.1/thumb/v7e-m/nofp\libg.a(libc_a-fini.o)
 .ARM.attributes
                0x00000b41       0x2e D:/Compiler/arm-eabi-gcc13.3.1/bin/../lib/gcc/arm-none-eabi/13.3.1/thumb/v7e-m/nofp\libg.a(libc_a-sysconf.o)
 .ARM.attributes
                0x00000b6f       0x1c D:/Compiler/arm-eabi-gcc13.3.1/bin/../lib/gcc/arm-none-eabi/13.3.1/thumb/v7e-m/nofp\libg.a(libc_a-memchr.o)
 .ARM.attributes
                0x00000b8b       0x1c D:/Compiler/arm-eabi-gcc13.3.1/bin/../lib/gcc/arm-none-eabi/13.3.1/thumb/v7e-m/nofp\libg.a(libc_a-memcpy.o)
 .ARM.attributes
                0x00000ba7       0x1c D:/Compiler/arm-eabi-gcc13.3.1/bin/../lib/gcc/arm-none-eabi/13.3.1/thumb/v7e-m/nofp\libg.a(libc_a-strlen.o)
 .ARM.attributes
                0x00000bc3       0x2e D:/Compiler/arm-eabi-gcc13.3.1/bin/../lib/gcc/arm-none-eabi/13.3.1/thumb/v7e-m/nofp\libg.a(libm_a-s_frexp.o)
 .ARM.attributes
                0x00000bf1       0x2e D:/Compiler/arm-eabi-gcc13.3.1/bin/../lib/gcc/arm-none-eabi/13.3.1/thumb/v7e-m/nofp\libg.a(libc_a-__atexit.o)
 .ARM.attributes
                0x00000c1f       0x2e D:/Compiler/arm-eabi-gcc13.3.1/bin/../lib/gcc/arm-none-eabi/13.3.1/thumb/v7e-m/nofp\libg.a(libc_a-dtoa.o)
 .ARM.attributes
                0x00000c4d       0x2e D:/Compiler/arm-eabi-gcc13.3.1/bin/../lib/gcc/arm-none-eabi/13.3.1/thumb/v7e-m/nofp\libg.a(libc_a-mbtowc_r.o)
 .ARM.attributes
                0x00000c7b       0x2e D:/Compiler/arm-eabi-gcc13.3.1/bin/../lib/gcc/arm-none-eabi/13.3.1/thumb/v7e-m/nofp\libg.a(libc_a-mprec.o)
 .ARM.attributes
                0x00000ca9       0x2e D:/Compiler/arm-eabi-gcc13.3.1/bin/../lib/gcc/arm-none-eabi/13.3.1/thumb/v7e-m/nofp\libg.a(libc_a-reallocr.o)
 .ARM.attributes
                0x00000cd7       0x2e D:/Compiler/arm-eabi-gcc13.3.1/bin/../lib/gcc/arm-none-eabi/13.3.1/thumb/v7e-m/nofp\libg.a(libc_a-wctomb_r.o)
 .ARM.attributes
                0x00000d05       0x2e D:/Compiler/arm-eabi-gcc13.3.1/bin/../lib/gcc/arm-none-eabi/13.3.1/thumb/v7e-m/nofp\libg.a(libc_a-wcrtomb.o)
 .ARM.attributes
                0x00000d33       0x2e D:/Compiler/arm-eabi-gcc13.3.1/bin/../lib/gcc/arm-none-eabi/13.3.1/thumb/v7e-m/nofp\libg.a(libc_a-wcsrtombs.o)
 .ARM.attributes
                0x00000d61       0x2e D:/Compiler/arm-eabi-gcc13.3.1/bin/../lib/gcc/arm-none-eabi/13.3.1/thumb/v7e-m/nofp\libg.a(libc_a-ctype_.o)
 .ARM.attributes
                0x00000d8f       0x2e D:/Compiler/arm-eabi-gcc13.3.1/bin/../lib/gcc/arm-none-eabi/13.3.1/thumb/v7e-m/nofp\libg.a(libc_a-assert.o)
 .ARM.attributes
                0x00000dbd       0x2e D:/Compiler/arm-eabi-gcc13.3.1/bin/../lib/gcc/arm-none-eabi/13.3.1/thumb/v7e-m/nofp\libg.a(libc_a-callocr.o)
 .ARM.attributes
                0x00000deb       0x2e D:/Compiler/arm-eabi-gcc13.3.1/bin/../lib/gcc/arm-none-eabi/13.3.1/thumb/v7e-m/nofp\libg.a(libc_a-wcsnrtombs.o)
 .ARM.attributes
                0x00000e19       0x2e D:/Compiler/arm-eabi-gcc13.3.1/bin/../lib/gcc/arm-none-eabi/13.3.1/thumb/v7e-m/nofp\libg.a(libc_a-fiprintf.o)
 .ARM.attributes
                0x00000e47       0x2e D:/Compiler/arm-eabi-gcc13.3.1/bin/../lib/gcc/arm-none-eabi/13.3.1/thumb/v7e-m/nofp\libg.a(libc_a-vfiprintf.o)
 .ARM.attributes
                0x00000e75       0x2e D:/Compiler/arm-eabi-gcc13.3.1/bin/../lib/gcc/arm-none-eabi/13.3.1/thumb/v7e-m/nofp\libg.a(libc_a-abort.o)
 .ARM.attributes
                0x00000ea3       0x2e D:/Compiler/arm-eabi-gcc13.3.1/bin/../lib/gcc/arm-none-eabi/13.3.1/thumb/v7e-m/nofp\libg.a(libc_a-signal.o)
 .ARM.attributes
                0x00000ed1       0x2e D:/Compiler/arm-eabi-gcc13.3.1/bin/../lib/gcc/arm-none-eabi/13.3.1/thumb/v7e-m/nofp\libg.a(libc_a-signalr.o)
 .ARM.attributes
                0x00000eff       0x1e D:/Compiler/arm-eabi-gcc13.3.1/bin/../lib/gcc/arm-none-eabi/13.3.1/thumb/v7e-m/nofp\libgcc.a(_arm_addsubdf3.o)
 .ARM.attributes
                0x00000f1d       0x1e D:/Compiler/arm-eabi-gcc13.3.1/bin/../lib/gcc/arm-none-eabi/13.3.1/thumb/v7e-m/nofp\libgcc.a(_arm_muldivdf3.o)
 .ARM.attributes
                0x00000f3b       0x1e D:/Compiler/arm-eabi-gcc13.3.1/bin/../lib/gcc/arm-none-eabi/13.3.1/thumb/v7e-m/nofp\libgcc.a(_arm_cmpdf2.o)
 .ARM.attributes
                0x00000f59       0x1e D:/Compiler/arm-eabi-gcc13.3.1/bin/../lib/gcc/arm-none-eabi/13.3.1/thumb/v7e-m/nofp\libgcc.a(_arm_unorddf2.o)
 .ARM.attributes
                0x00000f77       0x1e D:/Compiler/arm-eabi-gcc13.3.1/bin/../lib/gcc/arm-none-eabi/13.3.1/thumb/v7e-m/nofp\libgcc.a(_arm_fixdfsi.o)
 .ARM.attributes
                0x00000f95       0x2e D:/Compiler/arm-eabi-gcc13.3.1/bin/../lib/gcc/arm-none-eabi/13.3.1/thumb/v7e-m/nofp/crtend.o
 .ARM.attributes
                0x00000fc3       0x1e D:/Compiler/arm-eabi-gcc13.3.1/bin/../lib/gcc/arm-none-eabi/13.3.1/thumb/v7e-m/nofp/crtn.o
OUTPUT(Apptest1.elf elf32-littlearm)
LOAD linker stubs
LOAD D:/Compiler/arm-eabi-gcc13.3.1/bin/../lib/gcc/arm-none-eabi/13.3.1/thumb/v7e-m/nofp\libc.a
LOAD D:/Compiler/arm-eabi-gcc13.3.1/bin/../lib/gcc/arm-none-eabi/13.3.1/thumb/v7e-m/nofp\libm.a
LOAD D:/Compiler/arm-eabi-gcc13.3.1/bin/../lib/gcc/arm-none-eabi/13.3.1/thumb/v7e-m/nofp\libgcc.a

.debug_info     0x00000000    0x17359
 .debug_info    0x00000000     0x105b CMakeFiles/Apptest1.elf.dir/Core/Src/main.c.obj
 .debug_info    0x0000105b      0x460 CMakeFiles/Apptest1.elf.dir/Core/Src/stm32h7xx_hal_msp.c.obj
 .debug_info    0x000014bb      0x132 CMakeFiles/Apptest1.elf.dir/Core/Src/stm32h7xx_it.c.obj
 .debug_info    0x000015ed      0x6b0 CMakeFiles/Apptest1.elf.dir/Core/Src/syscalls.c.obj
 .debug_info    0x00001c9d      0x171 CMakeFiles/Apptest1.elf.dir/Core/Src/sysmem.c.obj
 .debug_info    0x00001e0e      0xe77 CMakeFiles/Apptest1.elf.dir/Core/Src/system_stm32h7xx.c.obj
 .debug_info    0x00002c85       0x30 CMakeFiles/Apptest1.elf.dir/Core/Startup/startup_stm32h750vbtx.s.obj
 .debug_info    0x00002cb5      0x6bd CMakeFiles/Apptest1.elf.dir/Drivers/BSP/LED/led.c.obj
 .debug_info    0x00003372     0x163f CMakeFiles/Apptest1.elf.dir/Drivers/STM32H7xx_HAL_Driver/Src/stm32h7xx_hal.c.obj
 .debug_info    0x000049b1     0x12d1 CMakeFiles/Apptest1.elf.dir/Drivers/STM32H7xx_HAL_Driver/Src/stm32h7xx_hal_cortex.c.obj
 .debug_info    0x00005c82      0xf46 CMakeFiles/Apptest1.elf.dir/Drivers/STM32H7xx_HAL_Driver/Src/stm32h7xx_hal_dma.c.obj
 .debug_info    0x00006bc8      0xc87 CMakeFiles/Apptest1.elf.dir/Drivers/STM32H7xx_HAL_Driver/Src/stm32h7xx_hal_gpio.c.obj
 .debug_info    0x0000784f     0x119c CMakeFiles/Apptest1.elf.dir/Drivers/STM32H7xx_HAL_Driver/Src/stm32h7xx_hal_pwr_ex.c.obj
 .debug_info    0x000089eb     0x12f0 CMakeFiles/Apptest1.elf.dir/Drivers/STM32H7xx_HAL_Driver/Src/stm32h7xx_hal_rcc.c.obj
 .debug_info    0x00009cdb     0x1f6b CMakeFiles/Apptest1.elf.dir/Drivers/STM32H7xx_HAL_Driver/Src/stm32h7xx_hal_rcc_ex.c.obj
 .debug_info    0x0000bc46     0x653f CMakeFiles/Apptest1.elf.dir/Drivers/STM32H7xx_HAL_Driver/Src/stm32h7xx_hal_uart.c.obj
 .debug_info    0x00012185     0x1220 CMakeFiles/Apptest1.elf.dir/Drivers/STM32H7xx_HAL_Driver/Src/stm32h7xx_hal_uart_ex.c.obj
 .debug_info    0x000133a5      0x248 CMakeFiles/Apptest1.elf.dir/Drivers/SYSTEM/delay/delay.c.obj
 .debug_info    0x000135ed     0x137f CMakeFiles/Apptest1.elf.dir/Drivers/SYSTEM/retarget/retarget.c.obj
 .debug_info    0x0001496c     0x1733 CMakeFiles/Apptest1.elf.dir/Drivers/SYSTEM/sys/sys.c.obj
 .debug_info    0x0001609f     0x12ba CMakeFiles/Apptest1.elf.dir/Drivers/SYSTEM/usart/usart.c.obj

.debug_abbrev   0x00000000     0x2d73
 .debug_abbrev  0x00000000      0x2ed CMakeFiles/Apptest1.elf.dir/Core/Src/main.c.obj
 .debug_abbrev  0x000002ed       0xd9 CMakeFiles/Apptest1.elf.dir/Core/Src/stm32h7xx_hal_msp.c.obj
 .debug_abbrev  0x000003c6       0x7c CMakeFiles/Apptest1.elf.dir/Core/Src/stm32h7xx_it.c.obj
 .debug_abbrev  0x00000442      0x1c0 CMakeFiles/Apptest1.elf.dir/Core/Src/syscalls.c.obj
 .debug_abbrev  0x00000602       0xea CMakeFiles/Apptest1.elf.dir/Core/Src/sysmem.c.obj
 .debug_abbrev  0x000006ec      0x166 CMakeFiles/Apptest1.elf.dir/Core/Src/system_stm32h7xx.c.obj
 .debug_abbrev  0x00000852       0x24 CMakeFiles/Apptest1.elf.dir/Core/Startup/startup_stm32h750vbtx.s.obj
 .debug_abbrev  0x00000876      0x194 CMakeFiles/Apptest1.elf.dir/Drivers/BSP/LED/led.c.obj
 .debug_abbrev  0x00000a0a      0x2ba CMakeFiles/Apptest1.elf.dir/Drivers/STM32H7xx_HAL_Driver/Src/stm32h7xx_hal.c.obj
 .debug_abbrev  0x00000cc4      0x3ad CMakeFiles/Apptest1.elf.dir/Drivers/STM32H7xx_HAL_Driver/Src/stm32h7xx_hal_cortex.c.obj
 .debug_abbrev  0x00001071      0x29c CMakeFiles/Apptest1.elf.dir/Drivers/STM32H7xx_HAL_Driver/Src/stm32h7xx_hal_dma.c.obj
 .debug_abbrev  0x0000130d      0x24e CMakeFiles/Apptest1.elf.dir/Drivers/STM32H7xx_HAL_Driver/Src/stm32h7xx_hal_gpio.c.obj
 .debug_abbrev  0x0000155b      0x2c7 CMakeFiles/Apptest1.elf.dir/Drivers/STM32H7xx_HAL_Driver/Src/stm32h7xx_hal_pwr_ex.c.obj
 .debug_abbrev  0x00001822      0x2bc CMakeFiles/Apptest1.elf.dir/Drivers/STM32H7xx_HAL_Driver/Src/stm32h7xx_hal_rcc.c.obj
 .debug_abbrev  0x00001ade      0x291 CMakeFiles/Apptest1.elf.dir/Drivers/STM32H7xx_HAL_Driver/Src/stm32h7xx_hal_rcc_ex.c.obj
 .debug_abbrev  0x00001d6f      0x37a CMakeFiles/Apptest1.elf.dir/Drivers/STM32H7xx_HAL_Driver/Src/stm32h7xx_hal_uart.c.obj
 .debug_abbrev  0x000020e9      0x33a CMakeFiles/Apptest1.elf.dir/Drivers/STM32H7xx_HAL_Driver/Src/stm32h7xx_hal_uart_ex.c.obj
 .debug_abbrev  0x00002423      0x132 CMakeFiles/Apptest1.elf.dir/Drivers/SYSTEM/delay/delay.c.obj
 .debug_abbrev  0x00002555      0x2b1 CMakeFiles/Apptest1.elf.dir/Drivers/SYSTEM/retarget/retarget.c.obj
 .debug_abbrev  0x00002806      0x338 CMakeFiles/Apptest1.elf.dir/Drivers/SYSTEM/sys/sys.c.obj
 .debug_abbrev  0x00002b3e      0x235 CMakeFiles/Apptest1.elf.dir/Drivers/SYSTEM/usart/usart.c.obj

.debug_loclists
                0x00000000     0x804b
 .debug_loclists
                0x00000000       0x18 CMakeFiles/Apptest1.elf.dir/Core/Src/main.c.obj
 .debug_loclists
                0x00000018      0x259 CMakeFiles/Apptest1.elf.dir/Core/Src/syscalls.c.obj
 .debug_loclists
                0x00000271       0x52 CMakeFiles/Apptest1.elf.dir/Core/Src/sysmem.c.obj
 .debug_loclists
                0x000002c3      0x155 CMakeFiles/Apptest1.elf.dir/Core/Src/system_stm32h7xx.c.obj
 .debug_loclists
                0x00000418      0x2e8 CMakeFiles/Apptest1.elf.dir/Drivers/STM32H7xx_HAL_Driver/Src/stm32h7xx_hal.c.obj
 .debug_loclists
                0x00000700      0x50a CMakeFiles/Apptest1.elf.dir/Drivers/STM32H7xx_HAL_Driver/Src/stm32h7xx_hal_cortex.c.obj
 .debug_loclists
                0x00000c0a      0xa7c CMakeFiles/Apptest1.elf.dir/Drivers/STM32H7xx_HAL_Driver/Src/stm32h7xx_hal_dma.c.obj
 .debug_loclists
                0x00001686      0x2a0 CMakeFiles/Apptest1.elf.dir/Drivers/STM32H7xx_HAL_Driver/Src/stm32h7xx_hal_gpio.c.obj
 .debug_loclists
                0x00001926      0x340 CMakeFiles/Apptest1.elf.dir/Drivers/STM32H7xx_HAL_Driver/Src/stm32h7xx_hal_pwr_ex.c.obj
 .debug_loclists
                0x00001c66      0x68e CMakeFiles/Apptest1.elf.dir/Drivers/STM32H7xx_HAL_Driver/Src/stm32h7xx_hal_rcc.c.obj
 .debug_loclists
                0x000022f4     0x16da CMakeFiles/Apptest1.elf.dir/Drivers/STM32H7xx_HAL_Driver/Src/stm32h7xx_hal_rcc_ex.c.obj
 .debug_loclists
                0x000039ce     0x383e CMakeFiles/Apptest1.elf.dir/Drivers/STM32H7xx_HAL_Driver/Src/stm32h7xx_hal_uart.c.obj
 .debug_loclists
                0x0000720c      0x7d2 CMakeFiles/Apptest1.elf.dir/Drivers/STM32H7xx_HAL_Driver/Src/stm32h7xx_hal_uart_ex.c.obj
 .debug_loclists
                0x000079de       0xd2 CMakeFiles/Apptest1.elf.dir/Drivers/SYSTEM/delay/delay.c.obj
 .debug_loclists
                0x00007ab0      0x2bb CMakeFiles/Apptest1.elf.dir/Drivers/SYSTEM/retarget/retarget.c.obj
 .debug_loclists
                0x00007d6b      0x23b CMakeFiles/Apptest1.elf.dir/Drivers/SYSTEM/sys/sys.c.obj
 .debug_loclists
                0x00007fa6       0xa5 CMakeFiles/Apptest1.elf.dir/Drivers/SYSTEM/usart/usart.c.obj

.debug_aranges  0x00000000      0xc20
 .debug_aranges
                0x00000000       0x30 CMakeFiles/Apptest1.elf.dir/Core/Src/main.c.obj
 .debug_aranges
                0x00000030       0x20 CMakeFiles/Apptest1.elf.dir/Core/Src/stm32h7xx_hal_msp.c.obj
 .debug_aranges
                0x00000050       0x60 CMakeFiles/Apptest1.elf.dir/Core/Src/stm32h7xx_it.c.obj
 .debug_aranges
                0x000000b0       0x88 CMakeFiles/Apptest1.elf.dir/Core/Src/syscalls.c.obj
 .debug_aranges
                0x00000138       0x20 CMakeFiles/Apptest1.elf.dir/Core/Src/sysmem.c.obj
 .debug_aranges
                0x00000158       0x28 CMakeFiles/Apptest1.elf.dir/Core/Src/system_stm32h7xx.c.obj
 .debug_aranges
                0x00000180       0x28 CMakeFiles/Apptest1.elf.dir/Core/Startup/startup_stm32h750vbtx.s.obj
 .debug_aranges
                0x000001a8       0x20 CMakeFiles/Apptest1.elf.dir/Drivers/BSP/LED/led.c.obj
 .debug_aranges
                0x000001c8      0x198 CMakeFiles/Apptest1.elf.dir/Drivers/STM32H7xx_HAL_Driver/Src/stm32h7xx_hal.c.obj
 .debug_aranges
                0x00000360       0xe8 CMakeFiles/Apptest1.elf.dir/Drivers/STM32H7xx_HAL_Driver/Src/stm32h7xx_hal_cortex.c.obj
 .debug_aranges
                0x00000448       0xa0 CMakeFiles/Apptest1.elf.dir/Drivers/STM32H7xx_HAL_Driver/Src/stm32h7xx_hal_dma.c.obj
 .debug_aranges
                0x000004e8       0x58 CMakeFiles/Apptest1.elf.dir/Drivers/STM32H7xx_HAL_Driver/Src/stm32h7xx_hal_gpio.c.obj
 .debug_aranges
                0x00000540      0x158 CMakeFiles/Apptest1.elf.dir/Drivers/STM32H7xx_HAL_Driver/Src/stm32h7xx_hal_pwr_ex.c.obj
 .debug_aranges
                0x00000698       0x88 CMakeFiles/Apptest1.elf.dir/Drivers/STM32H7xx_HAL_Driver/Src/stm32h7xx_hal_rcc.c.obj
 .debug_aranges
                0x00000720       0xf8 CMakeFiles/Apptest1.elf.dir/Drivers/STM32H7xx_HAL_Driver/Src/stm32h7xx_hal_rcc_ex.c.obj
 .debug_aranges
                0x00000818      0x248 CMakeFiles/Apptest1.elf.dir/Drivers/STM32H7xx_HAL_Driver/Src/stm32h7xx_hal_uart.c.obj
 .debug_aranges
                0x00000a60       0xa8 CMakeFiles/Apptest1.elf.dir/Drivers/STM32H7xx_HAL_Driver/Src/stm32h7xx_hal_uart_ex.c.obj
 .debug_aranges
                0x00000b08       0x38 CMakeFiles/Apptest1.elf.dir/Drivers/SYSTEM/delay/delay.c.obj
 .debug_aranges
                0x00000b40       0x50 CMakeFiles/Apptest1.elf.dir/Drivers/SYSTEM/retarget/retarget.c.obj
 .debug_aranges
                0x00000b90       0x58 CMakeFiles/Apptest1.elf.dir/Drivers/SYSTEM/sys/sys.c.obj
 .debug_aranges
                0x00000be8       0x38 CMakeFiles/Apptest1.elf.dir/Drivers/SYSTEM/usart/usart.c.obj

.debug_rnglists
                0x00000000      0x986
 .debug_rnglists
                0x00000000       0x20 CMakeFiles/Apptest1.elf.dir/Core/Src/main.c.obj
 .debug_rnglists
                0x00000020       0x13 CMakeFiles/Apptest1.elf.dir/Core/Src/stm32h7xx_hal_msp.c.obj
 .debug_rnglists
                0x00000033       0x43 CMakeFiles/Apptest1.elf.dir/Core/Src/stm32h7xx_it.c.obj
 .debug_rnglists